Archive member included to satisfy reference by file (symbol)

/home/sahinayk/gcc-arm-none-eabi-10-2020-q4-major/bin/../lib/gcc/arm-none-eabi/10.2.1/../../../../arm-none-eabi/lib/thumb/v7-m/nofp/libc_nano.a(lib_a-malloc.o)
                              build//mnt/c/Users/aykut/Downloads/FreeRTOSv202104.00/FreeRTOS/Source/portable/MemMang/heap_3.o (malloc)
/home/sahinayk/gcc-arm-none-eabi-10-2020-q4-major/bin/../lib/gcc/arm-none-eabi/10.2.1/../../../../arm-none-eabi/lib/thumb/v7-m/nofp/libc_nano.a(lib_a-memcpy-stub.o)
                              build/init/startup.o (memcpy)
/home/sahinayk/gcc-arm-none-eabi-10-2020-q4-major/bin/../lib/gcc/arm-none-eabi/10.2.1/../../../../arm-none-eabi/lib/thumb/v7-m/nofp/libc_nano.a(lib_a-memset.o)
                              build/init/startup.o (memset)
/home/sahinayk/gcc-arm-none-eabi-10-2020-q4-major/bin/../lib/gcc/arm-none-eabi/10.2.1/../../../../arm-none-eabi/lib/thumb/v7-m/nofp/libc_nano.a(lib_a-nano-freer.o)
                              /home/sahinayk/gcc-arm-none-eabi-10-2020-q4-major/bin/../lib/gcc/arm-none-eabi/10.2.1/../../../../arm-none-eabi/lib/thumb/v7-m/nofp/libc_nano.a(lib_a-malloc.o) (_free_r)
/home/sahinayk/gcc-arm-none-eabi-10-2020-q4-major/bin/../lib/gcc/arm-none-eabi/10.2.1/../../../../arm-none-eabi/lib/thumb/v7-m/nofp/libc_nano.a(lib_a-nano-mallocr.o)
                              /home/sahinayk/gcc-arm-none-eabi-10-2020-q4-major/bin/../lib/gcc/arm-none-eabi/10.2.1/../../../../arm-none-eabi/lib/thumb/v7-m/nofp/libc_nano.a(lib_a-malloc.o) (_malloc_r)
/home/sahinayk/gcc-arm-none-eabi-10-2020-q4-major/bin/../lib/gcc/arm-none-eabi/10.2.1/../../../../arm-none-eabi/lib/thumb/v7-m/nofp/libc_nano.a(lib_a-puts.o)
                              build/main_led.o (puts)
/home/sahinayk/gcc-arm-none-eabi-10-2020-q4-major/bin/../lib/gcc/arm-none-eabi/10.2.1/../../../../arm-none-eabi/lib/thumb/v7-m/nofp/libc_nano.a(lib_a-sbrkr.o)
                              /home/sahinayk/gcc-arm-none-eabi-10-2020-q4-major/bin/../lib/gcc/arm-none-eabi/10.2.1/../../../../arm-none-eabi/lib/thumb/v7-m/nofp/libc_nano.a(lib_a-nano-mallocr.o) (_sbrk_r)
/home/sahinayk/gcc-arm-none-eabi-10-2020-q4-major/bin/../lib/gcc/arm-none-eabi/10.2.1/../../../../arm-none-eabi/lib/thumb/v7-m/nofp/libc_nano.a(lib_a-vprintf.o)
                              build/main.o (vprintf)
/home/sahinayk/gcc-arm-none-eabi-10-2020-q4-major/bin/../lib/gcc/arm-none-eabi/10.2.1/../../../../arm-none-eabi/lib/thumb/v7-m/nofp/libc_nano.a(lib_a-wbuf.o)
                              /home/sahinayk/gcc-arm-none-eabi-10-2020-q4-major/bin/../lib/gcc/arm-none-eabi/10.2.1/../../../../arm-none-eabi/lib/thumb/v7-m/nofp/libc_nano.a(lib_a-puts.o) (__swbuf_r)
/home/sahinayk/gcc-arm-none-eabi-10-2020-q4-major/bin/../lib/gcc/arm-none-eabi/10.2.1/../../../../arm-none-eabi/lib/thumb/v7-m/nofp/libc_nano.a(lib_a-wsetup.o)
                              /home/sahinayk/gcc-arm-none-eabi-10-2020-q4-major/bin/../lib/gcc/arm-none-eabi/10.2.1/../../../../arm-none-eabi/lib/thumb/v7-m/nofp/libc_nano.a(lib_a-puts.o) (__swsetup_r)
/home/sahinayk/gcc-arm-none-eabi-10-2020-q4-major/bin/../lib/gcc/arm-none-eabi/10.2.1/../../../../arm-none-eabi/lib/thumb/v7-m/nofp/libc_nano.a(lib_a-fflush.o)
                              /home/sahinayk/gcc-arm-none-eabi-10-2020-q4-major/bin/../lib/gcc/arm-none-eabi/10.2.1/../../../../arm-none-eabi/lib/thumb/v7-m/nofp/libc_nano.a(lib_a-wbuf.o) (_fflush_r)
/home/sahinayk/gcc-arm-none-eabi-10-2020-q4-major/bin/../lib/gcc/arm-none-eabi/10.2.1/../../../../arm-none-eabi/lib/thumb/v7-m/nofp/libc_nano.a(lib_a-findfp.o)
                              /home/sahinayk/gcc-arm-none-eabi-10-2020-q4-major/bin/../lib/gcc/arm-none-eabi/10.2.1/../../../../arm-none-eabi/lib/thumb/v7-m/nofp/libc_nano.a(lib_a-puts.o) (__sinit)
/home/sahinayk/gcc-arm-none-eabi-10-2020-q4-major/bin/../lib/gcc/arm-none-eabi/10.2.1/../../../../arm-none-eabi/lib/thumb/v7-m/nofp/libc_nano.a(lib_a-fwalk.o)
                              /home/sahinayk/gcc-arm-none-eabi-10-2020-q4-major/bin/../lib/gcc/arm-none-eabi/10.2.1/../../../../arm-none-eabi/lib/thumb/v7-m/nofp/libc_nano.a(lib_a-findfp.o) (_fwalk)
/home/sahinayk/gcc-arm-none-eabi-10-2020-q4-major/bin/../lib/gcc/arm-none-eabi/10.2.1/../../../../arm-none-eabi/lib/thumb/v7-m/nofp/libc_nano.a(lib_a-impure.o)
                              /home/sahinayk/gcc-arm-none-eabi-10-2020-q4-major/bin/../lib/gcc/arm-none-eabi/10.2.1/../../../../arm-none-eabi/lib/thumb/v7-m/nofp/libc_nano.a(lib_a-fflush.o) (_global_impure_ptr)
/home/sahinayk/gcc-arm-none-eabi-10-2020-q4-major/bin/../lib/gcc/arm-none-eabi/10.2.1/../../../../arm-none-eabi/lib/thumb/v7-m/nofp/libc_nano.a(lib_a-lock.o)
                              /home/sahinayk/gcc-arm-none-eabi-10-2020-q4-major/bin/../lib/gcc/arm-none-eabi/10.2.1/../../../../arm-none-eabi/lib/thumb/v7-m/nofp/libc_nano.a(lib_a-findfp.o) (__retarget_lock_init_recursive)
[...]
Memory Configuration

Name             Origin             Length             Attributes
FLASH            0x0000000000000000 0x0000000000400000 xr
RAM              0x0000000020000000 0x0000000000400000 xrw
*default*        0x0000000000000000 0xffffffffffffffff

Linker script and memory map

LOAD /home/sahinayk/gcc-arm-none-eabi-10-2020-q4-major/bin/../lib/gcc/arm-none-eabi/10.2.1/../../../../arm-none-eabi/lib/thumb/v7-m/nofp/libc_nano.a
LOAD /home/sahinayk/gcc-arm-none-eabi-10-2020-q4-major/bin/../lib/gcc/arm-none-eabi/10.2.1/../../../../arm-none-eabi/lib/thumb/v7-m/nofp/librdimon_nano.a
LOAD build/init/startup.o
LOAD build/syscall.o
LOAD build/main.o
LOAD build//mnt/c/Users/aykut/Downloads/FreeRTOSv202104.00/FreeRTOS/Source/portable/GCC/ARM_CM3/port.o
LOAD build//mnt/c/Users/aykut/Downloads/FreeRTOSv202104.00/FreeRTOS/Source/tasks.o
LOAD build//mnt/c/Users/aykut/Downloads/FreeRTOSv202104.00/FreeRTOS/Source/list.o
LOAD build//mnt/c/Users/aykut/Downloads/FreeRTOSv202104.00/FreeRTOS/Source/queue.o
LOAD build//mnt/c/Users/aykut/Downloads/FreeRTOSv202104.00/FreeRTOS/Source/timers.o
LOAD build//mnt/c/Users/aykut/Downloads/FreeRTOSv202104.00/FreeRTOS/Source/event_groups.o
LOAD build//mnt/c/Users/aykut/Downloads/FreeRTOSv202104.00/FreeRTOS/Source/portable/MemMang/heap_3.o
LOAD build/main_led.o
START GROUP
LOAD /home/sahinayk/gcc-arm-none-eabi-10-2020-q4-major/bin/../lib/gcc/arm-none-eabi/10.2.1/thumb/v7-m/nofp/libgcc.a
LOAD /home/sahinayk/gcc-arm-none-eabi-10-2020-q4-major/bin/../lib/gcc/arm-none-eabi/10.2.1/../../../../arm-none-eabi/lib/thumb/v7-m/nofp/libc_nano.a
END GROUP
START GROUP
LOAD /home/sahinayk/gcc-arm-none-eabi-10-2020-q4-major/bin/../lib/gcc/arm-none-eabi/10.2.1/thumb/v7-m/nofp/libgcc.a
LOAD /home/sahinayk/gcc-arm-none-eabi-10-2020-q4-major/bin/../lib/gcc/arm-none-eabi/10.2.1/../../../../arm-none-eabi/lib/thumb/v7-m/nofp/libc_nano.a
LOAD /home/sahinayk/gcc-arm-none-eabi-10-2020-q4-major/bin/../lib/gcc/arm-none-eabi/10.2.1/../../../../arm-none-eabi/lib/thumb/v7-m/nofp/librdimon_nano.a
END GROUP
START GROUP
LOAD /home/sahinayk/gcc-arm-none-eabi-10-2020-q4-major/bin/../lib/gcc/arm-none-eabi/10.2.1/thumb/v7-m/nofp/libgcc.a
LOAD /home/sahinayk/gcc-arm-none-eabi-10-2020-q4-major/bin/../lib/gcc/arm-none-eabi/10.2.1/../../../../arm-none-eabi/lib/thumb/v7-m/nofp/libc_nano.a
LOAD /home/sahinayk/gcc-arm-none-eabi-10-2020-q4-major/bin/../lib/gcc/arm-none-eabi/10.2.1/../../../../arm-none-eabi/lib/thumb/v7-m/nofp/librdimon_nano.a
END GROUP
                0x0000000000040000                _Min_Heap_Size = 0x40000
                0x0000000000004000                _Min_Stack_Size = 0x4000
                0x0000000000000100                M_VECTOR_RAM_SIZE = 0x100
                0x0000000020400000                _estack = (ORIGIN (RAM) + LENGTH (RAM))

.isr_vector     0x0000000000000000       0x78
                0x0000000000000000                __vector_table = .
 *(.isr_vector)
 .isr_vector    0x0000000000000000       0x78 build/init/startup.o
                0x0000000000000000                isr_vector
                0x0000000000000078                . = ALIGN (0x4)

.text           0x0000000000000080     0x48fc
                0x0000000000000080                . = ALIGN (0x4)
 *(.text*)
 .text          0x0000000000000080       0xdc build/init/startup.o
                0x0000000000000094                Default_Handler2
                0x00000000000000b0                Default_Handler3
                0x00000000000000b4                Default_Handler4
                0x00000000000000b8                Default_Handler5
                0x00000000000000bc                Default_Handler6
                0x00000000000000c0                prvGetRegistersFromStack
                0x00000000000000e4                exit
                0x00000000000000f4                _start
                0x0000000000000108                Reset_Handler
 .text          0x000000000000015c       0x68 build/syscall.o
                0x000000000000015c                uart_init
                0x000000000000016c                _fstat
                0x0000000000000170                _read
                0x0000000000000178                _write
                0x0000000000000198                _sbrk
 .text          0x00000000000001c4       0x68 build/main.o
                0x00000000000001c4                vApplicationMallocFailedHook
                0x00000000000001d8                vApplicationStackOverflowHook
                0x00000000000001ec                vApplicationIdleHook
                0x00000000000001f0                vApplicationTickHook
                0x00000000000001f4                vAssertCalled
                0x0000000000000210                vLoggingPrintf
 .text.startup  0x000000000000022c        0xc build/main.o
                0x000000000000022c                main
 *fill*         0x0000000000000238        0x8 
 .text          0x0000000000000240      0x2a0 build//mnt/c/Users/aykut/Downloads/FreeRTOSv202104.00/FreeRTOS/Source/portable/GCC/ARM_CM3/port.o
                0x0000000000000294                pxPortInitialiseStack
                0x00000000000002b8                vPortSVCHandler
                0x00000000000002e4                vPortEndScheduler
                0x00000000000002f8                vPortEnterCritical
                0x000000000000032c                vPortExitCritical
                0x000000000000034c                xPortPendSVHandler
                0x0000000000000394                xPortSysTickHandler
                0x00000000000003c0                vPortSetupTimerInterrupt
                0x00000000000003d8                xPortStartScheduler
                0x000000000000049c                vPortValidateInterruptPriority
 .text          0x00000000000004e0     0x10b4 build//mnt/c/Users/aykut/Downloads/FreeRTOSv202104.00/FreeRTOS/Source/tasks.o
                0x0000000000000618                xTaskCreate
                0x00000000000007f4                vTaskStartScheduler
                0x0000000000000978                vTaskEndScheduler
                0x0000000000000998                vTaskSuspendAll
                0x00000000000009ac                xTaskResumeAll
                0x0000000000000ac8                xTaskDelayUntil
                0x0000000000000b4c                vTaskDelay
                0x0000000000000bd0                xTaskGetTickCount
                0x0000000000000bdc                xTaskGetTickCountFromISR
                0x0000000000000bec                uxTaskGetNumberOfTasks
                0x0000000000000bf8                pcTaskGetName
                0x0000000000000c1c                xTaskCatchUpTicks
                0x0000000000000c50                xTaskIncrementTick
                0x0000000000000c6c                vTaskSwitchContext
                0x0000000000000cd0                vTaskPlaceOnEventList
                0x0000000000000d3c                vTaskPlaceOnUnorderedEventList
                0x0000000000000db8                xTaskRemoveFromEventList
                0x0000000000000e24                vTaskRemoveFromUnorderedEventList
                0x0000000000000e98                vTaskSetTimeOutState
                0x0000000000000ec0                vTaskInternalSetTimeOutState
                0x0000000000000ed0                xTaskCheckForTimeOut
                0x0000000000000f30                vTaskMissedYield
                0x0000000000000f40                xTaskGetCurrentTaskHandle
                0x0000000000000f4c                xTaskPriorityInherit
                0x0000000000000fdc                xTaskPriorityDisinherit
                0x000000000000105c                vTaskPriorityDisinheritAfterTimeout
                0x00000000000010fc                uxTaskResetEventItemValue
                0x0000000000001114                pvTaskIncrementMutexHeldCount
                0x000000000000112c                ulTaskGenericNotifyTake
                0x00000000000011b8                xTaskGenericNotifyWait
                0x0000000000001268                xTaskGenericNotify
                0x000000000000134c                xTaskGenericNotifyFromISR
                0x0000000000001460                vTaskGenericNotifyGiveFromISR
                0x0000000000001528                xTaskGenericNotifyStateClear
                0x0000000000001564                ulTaskGenericNotifyValueClear
 .text          0x0000000000001594       0x90 build//mnt/c/Users/aykut/Downloads/FreeRTOSv202104.00/FreeRTOS/Source/list.o
                0x0000000000001594                vListInitialise
                0x00000000000015ac                vListInitialiseItem
                0x00000000000015b4                vListInsertEnd
                0x00000000000015d0                vListInsert
                0x0000000000001600                uxListRemove
 .text          0x0000000000001624     0x1268 build//mnt/c/Users/aykut/Downloads/FreeRTOSv202104.00/FreeRTOS/Source/queue.o
                0x0000000000001624                xQueueGenericReset
                0x00000000000016ac                xQueueGenericCreate
                0x0000000000001758                xQueueCreateCountingSemaphore
                0x00000000000017cc                xQueueGenericSend
                0x0000000000001b54                xQueueCreateMutex
                0x0000000000001bbc                xQueueGiveMutexRecursive
                0x0000000000001bf0                xQueueGenericSendFromISR
                0x0000000000001d44                xQueueGiveFromISR
                0x0000000000001de8                xQueueReceive
                0x00000000000020a8                xQueueSemaphoreTake
                0x00000000000023c0                xQueueTakeMutexRecursive
                0x00000000000023f4                xQueuePeek
                0x00000000000026b4                xQueueReceiveFromISR
                0x000000000000276c                xQueuePeekFromISR
                0x00000000000027d8                uxQueueMessagesWaiting
                0x0000000000002800                uxQueueSpacesAvailable
                0x0000000000002820                uxQueueMessagesWaitingFromISR
                0x0000000000002834                vQueueDelete
                0x0000000000002850                xQueueIsQueueEmptyFromISR
                0x0000000000002870                xQueueIsQueueFullFromISR
 .text          0x000000000000288c        0x0 build//mnt/c/Users/aykut/Downloads/FreeRTOSv202104.00/FreeRTOS/Source/timers.o
 .text          0x000000000000288c      0x328 build//mnt/c/Users/aykut/Downloads/FreeRTOSv202104.00/FreeRTOS/Source/event_groups.o
                0x000000000000288c                xEventGroupCreate
                0x00000000000028a8                xEventGroupWaitBits
                0x00000000000029a8                xEventGroupClearBits
                0x00000000000029d8                xEventGroupGetBitsFromISR
                0x00000000000029f4                xEventGroupSetBits
                0x0000000000002a70                xEventGroupSync
                0x0000000000002b2c                vEventGroupDelete
                0x0000000000002b80                vEventGroupSetBitsCallback
                0x0000000000002b84                vEventGroupClearBitsCallback
 .text          0x0000000000002bb4       0x3c build//mnt/c/Users/aykut/Downloads/FreeRTOSv202104.00/FreeRTOS/Source/portable/MemMang/heap_3.o
                0x0000000000002bb4                pvPortMalloc
                0x0000000000002bd4                vPortFree
 .text          0x0000000000002bf0       0xcc build/main_led.o
                0x0000000000002c64                main_led
 .text          0x0000000000002cbc        0x0 /home/sahinayk/gcc-arm-none-eabi-10-2020-q4-major/bin/../lib/gcc/arm-none-eabi/10.2.1/../../../../arm-none-eabi/lib/thumb/v7-m/nofp/libc_nano.a(lib_a-malloc.o)
 .text.malloc   0x0000000000002cbc       0x10 /home/sahinayk/gcc-arm-none-eabi-10-2020-q4-major/bin/../lib/gcc/arm-none-eabi/10.2.1/../../../../arm-none-eabi/lib/thumb/v7-m/nofp/libc_nano.a(lib_a-malloc.o)
                0x0000000000002cbc                malloc
 .text.free     0x0000000000002ccc       0x10 /home/sahinayk/gcc-arm-none-eabi-10-2020-q4-major/bin/../lib/gcc/arm-none-eabi/10.2.1/../../../../arm-none-eabi/lib/thumb/v7-m/nofp/libc_nano.a(lib_a-malloc.o)
                0x0000000000002ccc                free
 .text          0x0000000000002cdc        0x0 /home/sahinayk/gcc-arm-none-eabi-10-2020-q4-major/bin/../lib/gcc/arm-none-eabi/10.2.1/../../../../arm-none-eabi/lib/thumb/v7-m/nofp/libc_nano.a(lib_a-memcpy-stub.o)
 .text.memcpy   0x0000000000002cdc       0x1c /home/sahinayk/gcc-arm-none-eabi-10-2020-q4-major/bin/../lib/gcc/arm-none-eabi/10.2.1/../../../../arm-none-eabi/lib/thumb/v7-m/nofp/libc_nano.a(lib_a-memcpy-stub.o)
                0x0000000000002cdc                memcpy
 .text          0x0000000000002cf8        0x0 /home/sahinayk/gcc-arm-none-eabi-10-2020-q4-major/bin/../lib/gcc/arm-none-eabi/10.2.1/../../../../arm-none-eabi/lib/thumb/v7-m/nofp/libc_nano.a(lib_a-memset.o)
 .text.memset   0x0000000000002cf8       0x10 /home/sahinayk/gcc-arm-none-eabi-10-2020-q4-major/bin/../lib/gcc/arm-none-eabi/10.2.1/../../../../arm-none-eabi/lib/thumb/v7-m/nofp/libc_nano.a(lib_a-memset.o)
                0x0000000000002cf8                memset
 .text          0x0000000000002d08        0x0 /home/sahinayk/gcc-arm-none-eabi-10-2020-q4-major/bin/../lib/gcc/arm-none-eabi/10.2.1/../../../../arm-none-eabi/lib/thumb/v7-m/nofp/libc_nano.a(lib_a-nano-freer.o)
 .text._free_r  0x0000000000002d08       0x90 /home/sahinayk/gcc-arm-none-eabi-10-2020-q4-major/bin/../lib/gcc/arm-none-eabi/10.2.1/../../../../arm-none-eabi/lib/thumb/v7-m/nofp/libc_nano.a(lib_a-nano-freer.o)
                0x0000000000002d08                _free_r
 .text          0x0000000000002d98        0x0 /home/sahinayk/gcc-arm-none-eabi-10-2020-q4-major/bin/../lib/gcc/arm-none-eabi/10.2.1/../../../../arm-none-eabi/lib/thumb/v7-m/nofp/libc_nano.a(lib_a-nano-mallocr.o)
 .text._malloc_r
                0x0000000000002d98       0xb4 /home/sahinayk/gcc-arm-none-eabi-10-2020-q4-major/bin/../lib/gcc/arm-none-eabi/10.2.1/../../../../arm-none-eabi/lib/thumb/v7-m/nofp/libc_nano.a(lib_a-nano-mallocr.o)
                0x0000000000002d98                _malloc_r
 .text          0x0000000000002e4c        0x0 /home/sahinayk/gcc-arm-none-eabi-10-2020-q4-major/bin/../lib/gcc/arm-none-eabi/10.2.1/../../../../arm-none-eabi/lib/thumb/v7-m/nofp/libc_nano.a(lib_a-puts.o)
 .text._puts_r  0x0000000000002e4c       0xdc /home/sahinayk/gcc-arm-none-eabi-10-2020-q4-major/bin/../lib/gcc/arm-none-eabi/10.2.1/../../../../arm-none-eabi/lib/thumb/v7-m/nofp/libc_nano.a(lib_a-puts.o)
                0x0000000000002e4c                _puts_r
 .text.puts     0x0000000000002f28       0x10 /home/sahinayk/gcc-arm-none-eabi-10-2020-q4-major/bin/../lib/gcc/arm-none-eabi/10.2.1/../../../../arm-none-eabi/lib/thumb/v7-m/nofp/libc_nano.a(lib_a-puts.o)
                0x0000000000002f28                puts
 .text          0x0000000000002f38        0x0 /home/sahinayk/gcc-arm-none-eabi-10-2020-q4-major/bin/../lib/gcc/arm-none-eabi/10.2.1/../../../../arm-none-eabi/lib/thumb/v7-m/nofp/libc_nano.a(lib_a-sbrkr.o)
 .text._sbrk_r  0x0000000000002f38       0x20 /home/sahinayk/gcc-arm-none-eabi-10-2020-q4-major/bin/../lib/gcc/arm-none-eabi/10.2.1/../../../../arm-none-eabi/lib/thumb/v7-m/nofp/libc_nano.a(lib_a-sbrkr.o)
                0x0000000000002f38                _sbrk_r
 .text          0x0000000000002f58        0x0 /home/sahinayk/gcc-arm-none-eabi-10-2020-q4-major/bin/../lib/gcc/arm-none-eabi/10.2.1/../../../../arm-none-eabi/lib/thumb/v7-m/nofp/libc_nano.a(lib_a-vprintf.o)
 .text.vprintf  0x0000000000002f58       0x2c /home/sahinayk/gcc-arm-none-eabi-10-2020-q4-major/bin/../lib/gcc/arm-none-eabi/10.2.1/../../../../arm-none-eabi/lib/thumb/v7-m/nofp/libc_nano.a(lib_a-vprintf.o)
                0x0000000000002f58                vprintf
                0x0000000000002f58                viprintf
 .text._vprintf_r
                0x0000000000002f84       0x22 /home/sahinayk/gcc-arm-none-eabi-10-2020-q4-major/bin/../lib/gcc/arm-none-eabi/10.2.1/../../../../arm-none-eabi/lib/thumb/v7-m/nofp/libc_nano.a(lib_a-vprintf.o)
                0x0000000000002f84                _viprintf_r
                0x0000000000002f84                _vprintf_r
 .text          0x0000000000002fa6        0x0 /home/sahinayk/gcc-arm-none-eabi-10-2020-q4-major/bin/../lib/gcc/arm-none-eabi/10.2.1/../../../../arm-none-eabi/lib/thumb/v7-m/nofp/libc_nano.a(lib_a-wbuf.o)
 *fill*         0x0000000000002fa6        0x2 
 .text.__swbuf_r
                0x0000000000002fa8       0xa4 /home/sahinayk/gcc-arm-none-eabi-10-2020-q4-major/bin/../lib/gcc/arm-none-eabi/10.2.1/../../../../arm-none-eabi/lib/thumb/v7-m/nofp/libc_nano.a(lib_a-wbuf.o)
                0x0000000000002fa8                __swbuf_r
 .text.__swbuf  0x000000000000304c       0x10 /home/sahinayk/gcc-arm-none-eabi-10-2020-q4-major/bin/../lib/gcc/arm-none-eabi/10.2.1/../../../../arm-none-eabi/lib/thumb/v7-m/nofp/libc_nano.a(lib_a-wbuf.o)
                0x000000000000304c                __swbuf
 .text          0x000000000000305c        0x0 /home/sahinayk/gcc-arm-none-eabi-10-2020-q4-major/bin/../lib/gcc/arm-none-eabi/10.2.1/../../../../arm-none-eabi/lib/thumb/v7-m/nofp/libc_nano.a(lib_a-wsetup.o)
 .text.__swsetup_r
                0x000000000000305c       0xdc /home/sahinayk/gcc-arm-none-eabi-10-2020-q4-major/bin/../lib/gcc/arm-none-eabi/10.2.1/../../../../arm-none-eabi/lib/thumb/v7-m/nofp/libc_nano.a(lib_a-wsetup.o)
                0x000000000000305c                __swsetup_r
 .text          0x0000000000003138        0x0 /home/sahinayk/gcc-arm-none-eabi-10-2020-q4-major/bin/../lib/gcc/arm-none-eabi/10.2.1/../../../../arm-none-eabi/lib/thumb/v7-m/nofp/libc_nano.a(lib_a-fflush.o)
 .text.__sflush_r
                0x0000000000003138      0x104 /home/sahinayk/gcc-arm-none-eabi-10-2020-q4-major/bin/../lib/gcc/arm-none-eabi/10.2.1/../../../../arm-none-eabi/lib/thumb/v7-m/nofp/libc_nano.a(lib_a-fflush.o)
                0x0000000000003138                __sflush_r
 .text._fflush_r
                0x000000000000323c       0x78 /home/sahinayk/gcc-arm-none-eabi-10-2020-q4-major/bin/../lib/gcc/arm-none-eabi/10.2.1/../../../../arm-none-eabi/lib/thumb/v7-m/nofp/libc_nano.a(lib_a-fflush.o)
                0x000000000000323c                _fflush_r
 .text.fflush   0x00000000000032b4       0x24 /home/sahinayk/gcc-arm-none-eabi-10-2020-q4-major/bin/../lib/gcc/arm-none-eabi/10.2.1/../../../../arm-none-eabi/lib/thumb/v7-m/nofp/libc_nano.a(lib_a-fflush.o)
                0x00000000000032b4                fflush
 .text          0x00000000000032d8        0x0 /home/sahinayk/gcc-arm-none-eabi-10-2020-q4-major/bin/../lib/gcc/arm-none-eabi/10.2.1/../../../../arm-none-eabi/lib/thumb/v7-m/nofp/libc_nano.a(lib_a-findfp.o)
 .text.std      0x00000000000032d8       0x48 /home/sahinayk/gcc-arm-none-eabi-10-2020-q4-major/bin/../lib/gcc/arm-none-eabi/10.2.1/../../../../arm-none-eabi/lib/thumb/v7-m/nofp/libc_nano.a(lib_a-findfp.o)
 .text._cleanup_r
                0x0000000000003320        0xc /home/sahinayk/gcc-arm-none-eabi-10-2020-q4-major/bin/../lib/gcc/arm-none-eabi/10.2.1/../../../../arm-none-eabi/lib/thumb/v7-m/nofp/libc_nano.a(lib_a-findfp.o)
                0x0000000000003320                _cleanup_r
 .text.__fp_lock
                0x000000000000332c       0x18 /home/sahinayk/gcc-arm-none-eabi-10-2020-q4-major/bin/../lib/gcc/arm-none-eabi/10.2.1/../../../../arm-none-eabi/lib/thumb/v7-m/nofp/libc_nano.a(lib_a-findfp.o)
 .text.__fp_unlock
                0x0000000000003344       0x18 /home/sahinayk/gcc-arm-none-eabi-10-2020-q4-major/bin/../lib/gcc/arm-none-eabi/10.2.1/../../../../arm-none-eabi/lib/thumb/v7-m/nofp/libc_nano.a(lib_a-findfp.o)
 .text.__sfmoreglue
                0x000000000000335c       0x2c /home/sahinayk/gcc-arm-none-eabi-10-2020-q4-major/bin/../lib/gcc/arm-none-eabi/10.2.1/../../../../arm-none-eabi/lib/thumb/v7-m/nofp/libc_nano.a(lib_a-findfp.o)
                0x000000000000335c                __sfmoreglue
 .text._cleanup
                0x0000000000003388        0xc /home/sahinayk/gcc-arm-none-eabi-10-2020-q4-major/bin/../lib/gcc/arm-none-eabi/10.2.1/../../../../arm-none-eabi/lib/thumb/v7-m/nofp/libc_nano.a(lib_a-findfp.o)
                0x0000000000003388                _cleanup
 .text.__sfp_lock_acquire
                0x0000000000003394        0xc /home/sahinayk/gcc-arm-none-eabi-10-2020-q4-major/bin/../lib/gcc/arm-none-eabi/10.2.1/../../../../arm-none-eabi/lib/thumb/v7-m/nofp/libc_nano.a(lib_a-findfp.o)
                0x0000000000003394                __sfp_lock_acquire
 .text.__sfp_lock_release
                0x00000000000033a0        0xc /home/sahinayk/gcc-arm-none-eabi-10-2020-q4-major/bin/../lib/gcc/arm-none-eabi/10.2.1/../../../../arm-none-eabi/lib/thumb/v7-m/nofp/libc_nano.a(lib_a-findfp.o)
                0x00000000000033a0                __sfp_lock_release
 .text.__sinit_lock_acquire
                0x00000000000033ac        0xc /home/sahinayk/gcc-arm-none-eabi-10-2020-q4-major/bin/../lib/gcc/arm-none-eabi/10.2.1/../../../../arm-none-eabi/lib/thumb/v7-m/nofp/libc_nano.a(lib_a-findfp.o)
                0x00000000000033ac                __sinit_lock_acquire
 .text.__sinit_lock_release
                0x00000000000033b8        0xc /home/sahinayk/gcc-arm-none-eabi-10-2020-q4-major/bin/../lib/gcc/arm-none-eabi/10.2.1/../../../../arm-none-eabi/lib/thumb/v7-m/nofp/libc_nano.a(lib_a-findfp.o)
                0x00000000000033b8                __sinit_lock_release
 .text.__sinit  0x00000000000033c4       0x70 /home/sahinayk/gcc-arm-none-eabi-10-2020-q4-major/bin/../lib/gcc/arm-none-eabi/10.2.1/../../../../arm-none-eabi/lib/thumb/v7-m/nofp/libc_nano.a(lib_a-findfp.o)
                0x00000000000033c4                __sinit
 .text.__sfp    0x0000000000003434       0x8c /home/sahinayk/gcc-arm-none-eabi-10-2020-q4-major/bin/../lib/gcc/arm-none-eabi/10.2.1/../../../../arm-none-eabi/lib/thumb/v7-m/nofp/libc_nano.a(lib_a-findfp.o)
                0x0000000000003434                __sfp
 .text.__fp_lock_all
                0x00000000000034c0       0x1c /home/sahinayk/gcc-arm-none-eabi-10-2020-q4-major/bin/../lib/gcc/arm-none-eabi/10.2.1/../../../../arm-none-eabi/lib/thumb/v7-m/nofp/libc_nano.a(lib_a-findfp.o)
                0x00000000000034c0                __fp_lock_all
 .text.__fp_unlock_all
                0x00000000000034dc       0x1c /home/sahinayk/gcc-arm-none-eabi-10-2020-q4-major/bin/../lib/gcc/arm-none-eabi/10.2.1/../../../../arm-none-eabi/lib/thumb/v7-m/nofp/libc_nano.a(lib_a-findfp.o)
                0x00000000000034dc                __fp_unlock_all
 .text          0x00000000000034f8        0x0 /home/sahinayk/gcc-arm-none-eabi-10-2020-q4-major/bin/../lib/gcc/arm-none-eabi/10.2.1/../../../../arm-none-eabi/lib/thumb/v7-m/nofp/libc_nano.a(lib_a-fwalk.o)
 .text._fwalk   0x00000000000034f8       0x3a /home/sahinayk/gcc-arm-none-eabi-10-2020-q4-major/bin/../lib/gcc/arm-none-eabi/10.2.1/../../../../arm-none-eabi/lib/thumb/v7-m/nofp/libc_nano.a(lib_a-fwalk.o)
                0x00000000000034f8                _fwalk
 .text._fwalk_reent
                0x0000000000003532       0x3e /home/sahinayk/gcc-arm-none-eabi-10-2020-q4-major/bin/../lib/gcc/arm-none-eabi/10.2.1/../../../../arm-none-eabi/lib/thumb/v7-m/nofp/libc_nano.a(lib_a-fwalk.o)
                0x0000000000003532                _fwalk_reent
 .text          0x0000000000003570        0x0 /home/sahinayk/gcc-arm-none-eabi-10-2020-q4-major/bin/../lib/gcc/arm-none-eabi/10.2.1/../../../../arm-none-eabi/lib/thumb/v7-m/nofp/libc_nano.a(lib_a-impure.o)
 .text          0x0000000000003570        0x0 /home/sahinayk/gcc-arm-none-eabi-10-2020-q4-major/bin/../lib/gcc/arm-none-eabi/10.2.1/../../../../arm-none-eabi/lib/thumb/v7-m/nofp/libc_nano.a(lib_a-lock.o)
 .text.__retarget_lock_init
                0x0000000000003570        0x2 /home/sahinayk/gcc-arm-none-eabi-10-2020-q4-major/bin/../lib/gcc/arm-none-eabi/10.2.1/../../../../arm-none-eabi/lib/thumb/v7-m/nofp/libc_nano.a(lib_a-lock.o)
                0x0000000000003570                __retarget_lock_init
 .text.__retarget_lock_init_recursive
                0x0000000000003572        0x2 /home/sahinayk/gcc-arm-none-eabi-10-2020-q4-major/bin/../lib/gcc/arm-none-eabi/10.2.1/../../../../arm-none-eabi/lib/thumb/v7-m/nofp/libc_nano.a(lib_a-lock.o)
                0x0000000000003572                __retarget_lock_init_recursive
 .text.__retarget_lock_close
                0x0000000000003574        0x2 /home/sahinayk/gcc-arm-none-eabi-10-2020-q4-major/bin/../lib/gcc/arm-none-eabi/10.2.1/../../../../arm-none-eabi/lib/thumb/v7-m/nofp/libc_nano.a(lib_a-lock.o)
                0x0000000000003574                __retarget_lock_close
 .text.__retarget_lock_close_recursive
                0x0000000000003576        0x2 /home/sahinayk/gcc-arm-none-eabi-10-2020-q4-major/bin/../lib/gcc/arm-none-eabi/10.2.1/../../../../arm-none-eabi/lib/thumb/v7-m/nofp/libc_nano.a(lib_a-lock.o)
                0x0000000000003576                __retarget_lock_close_recursive
 .text.__retarget_lock_acquire
                0x0000000000003578        0x2 /home/sahinayk/gcc-arm-none-eabi-10-2020-q4-major/bin/../lib/gcc/arm-none-eabi/10.2.1/../../../../arm-none-eabi/lib/thumb/v7-m/nofp/libc_nano.a(lib_a-lock.o)
                0x0000000000003578                __retarget_lock_acquire
 .text.__retarget_lock_acquire_recursive
                0x000000000000357a        0x2 /home/sahinayk/gcc-arm-none-eabi-10-2020-q4-major/bin/../lib/gcc/arm-none-eabi/10.2.1/../../../../arm-none-eabi/lib/thumb/v7-m/nofp/libc_nano.a(lib_a-lock.o)
                0x000000000000357a                __retarget_lock_acquire_recursive
 .text.__retarget_lock_try_acquire
                0x000000000000357c        0x4 /home/sahinayk/gcc-arm-none-eabi-10-2020-q4-major/bin/../lib/gcc/arm-none-eabi/10.2.1/../../../../arm-none-eabi/lib/thumb/v7-m/nofp/libc_nano.a(lib_a-lock.o)
                0x000000000000357c                __retarget_lock_try_acquire
 .text.__retarget_lock_try_acquire_recursive
                0x0000000000003580        0x4 /home/sahinayk/gcc-arm-none-eabi-10-2020-q4-major/bin/../lib/gcc/arm-none-eabi/10.2.1/../../../../arm-none-eabi/lib/thumb/v7-m/nofp/libc_nano.a(lib_a-lock.o)
                0x0000000000003580                __retarget_lock_try_acquire_recursive
 .text.__retarget_lock_release
                0x0000000000003584        0x2 /home/sahinayk/gcc-arm-none-eabi-10-2020-q4-major/bin/../lib/gcc/arm-none-eabi/10.2.1/../../../../arm-none-eabi/lib/thumb/v7-m/nofp/libc_nano.a(lib_a-lock.o)
                0x0000000000003584                __retarget_lock_release
 .text.__retarget_lock_release_recursive
                0x0000000000003586        0x2 /home/sahinayk/gcc-arm-none-eabi-10-2020-q4-major/bin/../lib/gcc/arm-none-eabi/10.2.1/../../../../arm-none-eabi/lib/thumb/v7-m/nofp/libc_nano.a(lib_a-lock.o)
                0x0000000000003586                __retarget_lock_release_recursive
 .text          0x0000000000003588        0x0 /home/sahinayk/gcc-arm-none-eabi-10-2020-q4-major/bin/../lib/gcc/arm-none-eabi/10.2.1/../../../../arm-none-eabi/lib/thumb/v7-m/nofp/libc_nano.a(lib_a-makebuf.o)
 .text.__swhatbuf_r
                0x0000000000003588       0x4a /home/sahinayk/gcc-arm-none-eabi-10-2020-q4-major/bin/../lib/gcc/arm-none-eabi/10.2.1/../../../../arm-none-eabi/lib/thumb/v7-m/nofp/libc_nano.a(lib_a-makebuf.o)
                0x0000000000003588                __swhatbuf_r
 *fill*         0x00000000000035d2        0x2 
 .text.__smakebuf_r
                0x00000000000035d4       0x80 /home/sahinayk/gcc-arm-none-eabi-10-2020-q4-major/bin/../lib/gcc/arm-none-eabi/10.2.1/../../../../arm-none-eabi/lib/thumb/v7-m/nofp/libc_nano.a(lib_a-makebuf.o)
                0x00000000000035d4                __smakebuf_r
 .text          0x0000000000003654        0x0 /home/sahinayk/gcc-arm-none-eabi-10-2020-q4-major/bin/../lib/gcc/arm-none-eabi/10.2.1/../../../../arm-none-eabi/lib/thumb/v7-m/nofp/libc_nano.a(lib_a-mlock.o)
 .text.__malloc_lock
                0x0000000000003654        0xc /home/sahinayk/gcc-arm-none-eabi-10-2020-q4-major/bin/../lib/gcc/arm-none-eabi/10.2.1/../../../../arm-none-eabi/lib/thumb/v7-m/nofp/libc_nano.a(lib_a-mlock.o)
                0x0000000000003654                __malloc_lock
 .text.__malloc_unlock
                0x0000000000003660        0xc /home/sahinayk/gcc-arm-none-eabi-10-2020-q4-major/bin/../lib/gcc/arm-none-eabi/10.2.1/../../../../arm-none-eabi/lib/thumb/v7-m/nofp/libc_nano.a(lib_a-mlock.o)
                0x0000000000003660                __malloc_unlock
 .text          0x000000000000366c        0x0 /home/sahinayk/gcc-arm-none-eabi-10-2020-q4-major/bin/../lib/gcc/arm-none-eabi/10.2.1/../../../../arm-none-eabi/lib/thumb/v7-m/nofp/libc_nano.a(lib_a-nano-vfprintf.o)
 .text.__sfputc_r
                0x000000000000366c       0x2a /home/sahinayk/gcc-arm-none-eabi-10-2020-q4-major/bin/../lib/gcc/arm-none-eabi/10.2.1/../../../../arm-none-eabi/lib/thumb/v7-m/nofp/libc_nano.a(lib_a-nano-vfprintf.o)
 .text.__sfputs_r
                0x0000000000003696       0x24 /home/sahinayk/gcc-arm-none-eabi-10-2020-q4-major/bin/../lib/gcc/arm-none-eabi/10.2.1/../../../../arm-none-eabi/lib/thumb/v7-m/nofp/libc_nano.a(lib_a-nano-vfprintf.o)
                0x0000000000003696                __sfputs_r
 .text.__sprint_r
                0x00000000000036ba       0x1a /home/sahinayk/gcc-arm-none-eabi-10-2020-q4-major/bin/../lib/gcc/arm-none-eabi/10.2.1/../../../../arm-none-eabi/lib/thumb/v7-m/nofp/libc_nano.a(lib_a-nano-vfprintf.o)
                0x00000000000036ba                __sprint_r
 .text._vfprintf_r
                0x00000000000036d4      0x260 /home/sahinayk/gcc-arm-none-eabi-10-2020-q4-major/bin/../lib/gcc/arm-none-eabi/10.2.1/../../../../arm-none-eabi/lib/thumb/v7-m/nofp/libc_nano.a(lib_a-nano-vfprintf.o)
                0x00000000000036d4                _vfiprintf_r
                0x00000000000036d4                _vfprintf_r
 .text.vfprintf
                0x0000000000003934       0x14 /home/sahinayk/gcc-arm-none-eabi-10-2020-q4-major/bin/../lib/gcc/arm-none-eabi/10.2.1/../../../../arm-none-eabi/lib/thumb/v7-m/nofp/libc_nano.a(lib_a-nano-vfprintf.o)
                0x0000000000003934                vfiprintf
                0x0000000000003934                vfprintf
 .text          0x0000000000003948        0x0 /home/sahinayk/gcc-arm-none-eabi-10-2020-q4-major/bin/../lib/gcc/arm-none-eabi/10.2.1/../../../../arm-none-eabi/lib/thumb/v7-m/nofp/libc_nano.a(lib_a-nano-vfprintf_i.o)
 .text._printf_common
                0x0000000000003948       0xde /home/sahinayk/gcc-arm-none-eabi-10-2020-q4-major/bin/../lib/gcc/arm-none-eabi/10.2.1/../../../../arm-none-eabi/lib/thumb/v7-m/nofp/libc_nano.a(lib_a-nano-vfprintf_i.o)
                0x0000000000003948                _printf_common
 *fill*         0x0000000000003a26        0x2 
 .text._printf_i
                0x0000000000003a28      0x24c /home/sahinayk/gcc-arm-none-eabi-10-2020-q4-major/bin/../lib/gcc/arm-none-eabi/10.2.1/../../../../arm-none-eabi/lib/thumb/v7-m/nofp/libc_nano.a(lib_a-nano-vfprintf_i.o)
                0x0000000000003a28                _printf_i
 .text          0x0000000000003c74        0x0 /home/sahinayk/gcc-arm-none-eabi-10-2020-q4-major/bin/../lib/gcc/arm-none-eabi/10.2.1/../../../../arm-none-eabi/lib/thumb/v7-m/nofp/libc_nano.a(lib_a-reent.o)
 .text.cleanup_glue
                0x0000000000003c74       0x1a /home/sahinayk/gcc-arm-none-eabi-10-2020-q4-major/bin/../lib/gcc/arm-none-eabi/10.2.1/../../../../arm-none-eabi/lib/thumb/v7-m/nofp/libc_nano.a(lib_a-reent.o)
                0x0000000000003c74                cleanup_glue
 *fill*         0x0000000000003c8e        0x2 
 .text._reclaim_reent
                0x0000000000003c90       0xb8 /home/sahinayk/gcc-arm-none-eabi-10-2020-q4-major/bin/../lib/gcc/arm-none-eabi/10.2.1/../../../../arm-none-eabi/lib/thumb/v7-m/nofp/libc_nano.a(lib_a-reent.o)
                0x0000000000003c90                _reclaim_reent
 .text          0x0000000000003d48        0x0 /home/sahinayk/gcc-arm-none-eabi-10-2020-q4-major/bin/../lib/gcc/arm-none-eabi/10.2.1/../../../../arm-none-eabi/lib/thumb/v7-m/nofp/libc_nano.a(lib_a-stdio.o)
 .text.__sread  0x0000000000003d48       0x22 /home/sahinayk/gcc-arm-none-eabi-10-2020-q4-major/bin/../lib/gcc/arm-none-eabi/10.2.1/../../../../arm-none-eabi/lib/thumb/v7-m/nofp/libc_nano.a(lib_a-stdio.o)
                0x0000000000003d48                __sread
 .text.__seofread
                0x0000000000003d6a        0x4 /home/sahinayk/gcc-arm-none-eabi-10-2020-q4-major/bin/../lib/gcc/arm-none-eabi/10.2.1/../../../../arm-none-eabi/lib/thumb/v7-m/nofp/libc_nano.a(lib_a-stdio.o)
                0x0000000000003d6a                __seofread
 .text.__swrite
                0x0000000000003d6e       0x38 /home/sahinayk/gcc-arm-none-eabi-10-2020-q4-major/bin/../lib/gcc/arm-none-eabi/10.2.1/../../../../arm-none-eabi/lib/thumb/v7-m/nofp/libc_nano.a(lib_a-stdio.o)
                0x0000000000003d6e                __swrite
 .text.__sseek  0x0000000000003da6       0x24 /home/sahinayk/gcc-arm-none-eabi-10-2020-q4-major/bin/../lib/gcc/arm-none-eabi/10.2.1/../../../../arm-none-eabi/lib/thumb/v7-m/nofp/libc_nano.a(lib_a-stdio.o)
                0x0000000000003da6                __sseek
 .text.__sclose
                0x0000000000003dca        0x8 /home/sahinayk/gcc-arm-none-eabi-10-2020-q4-major/bin/../lib/gcc/arm-none-eabi/10.2.1/../../../../arm-none-eabi/lib/thumb/v7-m/nofp/libc_nano.a(lib_a-stdio.o)
                0x0000000000003dca                __sclose
 .text          0x0000000000003dd2        0x0 /home/sahinayk/gcc-arm-none-eabi-10-2020-q4-major/bin/../lib/gcc/arm-none-eabi/10.2.1/../../../../arm-none-eabi/lib/thumb/v7-m/nofp/libc_nano.a(lib_a-writer.o)
 *fill*         0x0000000000003dd2        0x2 
 .text._write_r
                0x0000000000003dd4       0x24 /home/sahinayk/gcc-arm-none-eabi-10-2020-q4-major/bin/../lib/gcc/arm-none-eabi/10.2.1/../../../../arm-none-eabi/lib/thumb/v7-m/nofp/libc_nano.a(lib_a-writer.o)
                0x0000000000003dd4                _write_r
 .text          0x0000000000003df8        0x0 /home/sahinayk/gcc-arm-none-eabi-10-2020-q4-major/bin/../lib/gcc/arm-none-eabi/10.2.1/../../../../arm-none-eabi/lib/thumb/v7-m/nofp/libc_nano.a(lib_a-closer.o)
 .text._close_r
                0x0000000000003df8       0x20 /home/sahinayk/gcc-arm-none-eabi-10-2020-q4-major/bin/../lib/gcc/arm-none-eabi/10.2.1/../../../../arm-none-eabi/lib/thumb/v7-m/nofp/libc_nano.a(lib_a-closer.o)
                0x0000000000003df8                _close_r
 .text          0x0000000000003e18        0x0 /home/sahinayk/gcc-arm-none-eabi-10-2020-q4-major/bin/../lib/gcc/arm-none-eabi/10.2.1/../../../../arm-none-eabi/lib/thumb/v7-m/nofp/libc_nano.a(lib_a-fstatr.o)
 .text._fstat_r
                0x0000000000003e18       0x24 /home/sahinayk/gcc-arm-none-eabi-10-2020-q4-major/bin/../lib/gcc/arm-none-eabi/10.2.1/../../../../arm-none-eabi/lib/thumb/v7-m/nofp/libc_nano.a(lib_a-fstatr.o)
                0x0000000000003e18                _fstat_r
 .text          0x0000000000003e3c        0x0 /home/sahinayk/gcc-arm-none-eabi-10-2020-q4-major/bin/../lib/gcc/arm-none-eabi/10.2.1/../../../../arm-none-eabi/lib/thumb/v7-m/nofp/libc_nano.a(lib_a-fvwrite.o)
 .text.__sfvwrite_r
                0x0000000000003e3c      0x290 /home/sahinayk/gcc-arm-none-eabi-10-2020-q4-major/bin/../lib/gcc/arm-none-eabi/10.2.1/../../../../arm-none-eabi/lib/thumb/v7-m/nofp/libc_nano.a(lib_a-fvwrite.o)
                0x0000000000003e3c                __sfvwrite_r
 .text          0x00000000000040cc        0x0 /home/sahinayk/gcc-arm-none-eabi-10-2020-q4-major/bin/../lib/gcc/arm-none-eabi/10.2.1/../../../../arm-none-eabi/lib/thumb/v7-m/nofp/libc_nano.a(lib_a-isattyr.o)
 .text._isatty_r
                0x00000000000040cc       0x20 /home/sahinayk/gcc-arm-none-eabi-10-2020-q4-major/bin/../lib/gcc/arm-none-eabi/10.2.1/../../../../arm-none-eabi/lib/thumb/v7-m/nofp/libc_nano.a(lib_a-isattyr.o)
                0x00000000000040cc                _isatty_r
 .text          0x00000000000040ec        0x0 /home/sahinayk/gcc-arm-none-eabi-10-2020-q4-major/bin/../lib/gcc/arm-none-eabi/10.2.1/../../../../arm-none-eabi/lib/thumb/v7-m/nofp/libc_nano.a(lib_a-lseekr.o)
 .text._lseek_r
                0x00000000000040ec       0x24 /home/sahinayk/gcc-arm-none-eabi-10-2020-q4-major/bin/../lib/gcc/arm-none-eabi/10.2.1/../../../../arm-none-eabi/lib/thumb/v7-m/nofp/libc_nano.a(lib_a-lseekr.o)
                0x00000000000040ec                _lseek_r
 .text          0x0000000000004110        0x0 /home/sahinayk/gcc-arm-none-eabi-10-2020-q4-major/bin/../lib/gcc/arm-none-eabi/10.2.1/../../../../arm-none-eabi/lib/thumb/v7-m/nofp/libc_nano.a(lib_a-memchr-stub.o)
 .text.memchr   0x0000000000004110       0x1c /home/sahinayk/gcc-arm-none-eabi-10-2020-q4-major/bin/../lib/gcc/arm-none-eabi/10.2.1/../../../../arm-none-eabi/lib/thumb/v7-m/nofp/libc_nano.a(lib_a-memchr-stub.o)
                0x0000000000004110                memchr
 .text          0x000000000000412c        0x0 /home/sahinayk/gcc-arm-none-eabi-10-2020-q4-major/bin/../lib/gcc/arm-none-eabi/10.2.1/../../../../arm-none-eabi/lib/thumb/v7-m/nofp/libc_nano.a(lib_a-memmove.o)
 .text.memmove  0x000000000000412c       0x34 /home/sahinayk/gcc-arm-none-eabi-10-2020-q4-major/bin/../lib/gcc/arm-none-eabi/10.2.1/../../../../arm-none-eabi/lib/thumb/v7-m/nofp/libc_nano.a(lib_a-memmove.o)
                0x000000000000412c                memmove
 .text          0x0000000000004160        0x0 /home/sahinayk/gcc-arm-none-eabi-10-2020-q4-major/bin/../lib/gcc/arm-none-eabi/10.2.1/../../../../arm-none-eabi/lib/thumb/v7-m/nofp/libc_nano.a(lib_a-nano-reallocr.o)
 .text._realloc_r
                0x0000000000004160       0x4c /home/sahinayk/gcc-arm-none-eabi-10-2020-q4-major/bin/../lib/gcc/arm-none-eabi/10.2.1/../../../../arm-none-eabi/lib/thumb/v7-m/nofp/libc_nano.a(lib_a-nano-reallocr.o)
                0x0000000000004160                _realloc_r
 .text          0x00000000000041ac        0x0 /home/sahinayk/gcc-arm-none-eabi-10-2020-q4-major/bin/../lib/gcc/arm-none-eabi/10.2.1/../../../../arm-none-eabi/lib/thumb/v7-m/nofp/libc_nano.a(lib_a-readr.o)
 .text._read_r  0x00000000000041ac       0x24 /home/sahinayk/gcc-arm-none-eabi-10-2020-q4-major/bin/../lib/gcc/arm-none-eabi/10.2.1/../../../../arm-none-eabi/lib/thumb/v7-m/nofp/libc_nano.a(lib_a-readr.o)
                0x00000000000041ac                _read_r
 .text          0x00000000000041d0        0x0 /home/sahinayk/gcc-arm-none-eabi-10-2020-q4-major/bin/../lib/gcc/arm-none-eabi/10.2.1/../../../../arm-none-eabi/lib/thumb/v7-m/nofp/libc_nano.a(lib_a-nano-msizer.o)
 .text._malloc_usable_size_r
                0x00000000000041d0       0x10 /home/sahinayk/gcc-arm-none-eabi-10-2020-q4-major/bin/../lib/gcc/arm-none-eabi/10.2.1/../../../../arm-none-eabi/lib/thumb/v7-m/nofp/libc_nano.a(lib_a-nano-msizer.o)
                0x00000000000041d0                _malloc_usable_size_r
 .text          0x00000000000041e0        0x0 /home/sahinayk/gcc-arm-none-eabi-10-2020-q4-major/bin/../lib/gcc/arm-none-eabi/10.2.1/../../../../arm-none-eabi/lib/thumb/v7-m/nofp/librdimon_nano.a(rdimon-syscalls.o)
 .text.findslot
                0x00000000000041e0       0x34 /home/sahinayk/gcc-arm-none-eabi-10-2020-q4-major/bin/../lib/gcc/arm-none-eabi/10.2.1/../../../../arm-none-eabi/lib/thumb/v7-m/nofp/librdimon_nano.a(rdimon-syscalls.o)
 .text.error    0x0000000000004214       0x1c /home/sahinayk/gcc-arm-none-eabi-10-2020-q4-major/bin/../lib/gcc/arm-none-eabi/10.2.1/../../../../arm-none-eabi/lib/thumb/v7-m/nofp/librdimon_nano.a(rdimon-syscalls.o)
 .text.checkerror
                0x0000000000004230        0xa /home/sahinayk/gcc-arm-none-eabi-10-2020-q4-major/bin/../lib/gcc/arm-none-eabi/10.2.1/../../../../arm-none-eabi/lib/thumb/v7-m/nofp/librdimon_nano.a(rdimon-syscalls.o)
 .text._swiread
                0x000000000000423a       0x20 /home/sahinayk/gcc-arm-none-eabi-10-2020-q4-major/bin/../lib/gcc/arm-none-eabi/10.2.1/../../../../arm-none-eabi/lib/thumb/v7-m/nofp/librdimon_nano.a(rdimon-syscalls.o)
                0x000000000000423a                _swiread
 .text._read    0x000000000000425a       0x34 /home/sahinayk/gcc-arm-none-eabi-10-2020-q4-major/bin/../lib/gcc/arm-none-eabi/10.2.1/../../../../arm-none-eabi/lib/thumb/v7-m/nofp/librdimon_nano.a(rdimon-syscalls.o)
 .text._swilseek
                0x000000000000428e       0x78 /home/sahinayk/gcc-arm-none-eabi-10-2020-q4-major/bin/../lib/gcc/arm-none-eabi/10.2.1/../../../../arm-none-eabi/lib/thumb/v7-m/nofp/librdimon_nano.a(rdimon-syscalls.o)
                0x000000000000428e                _swilseek
 .text._lseek   0x0000000000004306        0x4 /home/sahinayk/gcc-arm-none-eabi-10-2020-q4-major/bin/../lib/gcc/arm-none-eabi/10.2.1/../../../../arm-none-eabi/lib/thumb/v7-m/nofp/librdimon_nano.a(rdimon-syscalls.o)
                0x0000000000004306                _lseek
 .text._swiwrite
                0x000000000000430a       0x20 /home/sahinayk/gcc-arm-none-eabi-10-2020-q4-major/bin/../lib/gcc/arm-none-eabi/10.2.1/../../../../arm-none-eabi/lib/thumb/v7-m/nofp/librdimon_nano.a(rdimon-syscalls.o)
                0x000000000000430a                _swiwrite
 .text._write   0x000000000000432a       0x40 /home/sahinayk/gcc-arm-none-eabi-10-2020-q4-major/bin/../lib/gcc/arm-none-eabi/10.2.1/../../../../arm-none-eabi/lib/thumb/v7-m/nofp/librdimon_nano.a(rdimon-syscalls.o)
 .text._swiclose
                0x000000000000436a       0x1a /home/sahinayk/gcc-arm-none-eabi-10-2020-q4-major/bin/../lib/gcc/arm-none-eabi/10.2.1/../../../../arm-none-eabi/lib/thumb/v7-m/nofp/librdimon_nano.a(rdimon-syscalls.o)
                0x000000000000436a                _swiclose
 .text._close   0x0000000000004384       0x4c /home/sahinayk/gcc-arm-none-eabi-10-2020-q4-major/bin/../lib/gcc/arm-none-eabi/10.2.1/../../../../arm-none-eabi/lib/thumb/v7-m/nofp/librdimon_nano.a(rdimon-syscalls.o)
                0x0000000000004384                _close
 .text._getpid  0x00000000000043d0        0x4 /home/sahinayk/gcc-arm-none-eabi-10-2020-q4-major/bin/../lib/gcc/arm-none-eabi/10.2.1/../../../../arm-none-eabi/lib/thumb/v7-m/nofp/librdimon_nano.a(rdimon-syscalls.o)
                0x00000000000043d0                _getpid
 .text._sbrk    0x00000000000043d4       0x48 /home/sahinayk/gcc-arm-none-eabi-10-2020-q4-major/bin/../lib/gcc/arm-none-eabi/10.2.1/../../../../arm-none-eabi/lib/thumb/v7-m/nofp/librdimon_nano.a(rdimon-syscalls.o)
 .text._swistat
                0x000000000000441c       0x42 /home/sahinayk/gcc-arm-none-eabi-10-2020-q4-major/bin/../lib/gcc/arm-none-eabi/10.2.1/../../../../arm-none-eabi/lib/thumb/v7-m/nofp/librdimon_nano.a(rdimon-syscalls.o)
                0x000000000000441c                _swistat
 .text._fstat   0x000000000000445e       0x1c /home/sahinayk/gcc-arm-none-eabi-10-2020-q4-major/bin/../lib/gcc/arm-none-eabi/10.2.1/../../../../arm-none-eabi/lib/thumb/v7-m/nofp/librdimon_nano.a(rdimon-syscalls.o)
 .text._stat    0x000000000000447a       0x3a /home/sahinayk/gcc-arm-none-eabi-10-2020-q4-major/bin/../lib/gcc/arm-none-eabi/10.2.1/../../../../arm-none-eabi/lib/thumb/v7-m/nofp/librdimon_nano.a(rdimon-syscalls.o)
                0x000000000000447a                _stat
 .text._swiopen
                0x00000000000044b4       0xb4 /home/sahinayk/gcc-arm-none-eabi-10-2020-q4-major/bin/../lib/gcc/arm-none-eabi/10.2.1/../../../../arm-none-eabi/lib/thumb/v7-m/nofp/librdimon_nano.a(rdimon-syscalls.o)
                0x00000000000044b4                _swiopen
 .text._open    0x0000000000004568       0x12 /home/sahinayk/gcc-arm-none-eabi-10-2020-q4-major/bin/../lib/gcc/arm-none-eabi/10.2.1/../../../../arm-none-eabi/lib/thumb/v7-m/nofp/librdimon_nano.a(rdimon-syscalls.o)
                0x0000000000004568                _open
 *fill*         0x000000000000457a        0x2 
 .text._get_semihosting_exts
                0x000000000000457c       0xb8 /home/sahinayk/gcc-arm-none-eabi-10-2020-q4-major/bin/../lib/gcc/arm-none-eabi/10.2.1/../../../../arm-none-eabi/lib/thumb/v7-m/nofp/librdimon_nano.a(rdimon-syscalls.o)
                0x000000000000457c                _get_semihosting_exts
 .text.initialise_semihosting_exts
                0x0000000000004634       0x34 /home/sahinayk/gcc-arm-none-eabi-10-2020-q4-major/bin/../lib/gcc/arm-none-eabi/10.2.1/../../../../arm-none-eabi/lib/thumb/v7-m/nofp/librdimon_nano.a(rdimon-syscalls.o)
 .text._has_ext_exit_extended
                0x0000000000004668       0x18 /home/sahinayk/gcc-arm-none-eabi-10-2020-q4-major/bin/../lib/gcc/arm-none-eabi/10.2.1/../../../../arm-none-eabi/lib/thumb/v7-m/nofp/librdimon_nano.a(rdimon-syscalls.o)
                0x0000000000004668                _has_ext_exit_extended
 .text._has_ext_stdout_stderr
                0x0000000000004680       0x18 /home/sahinayk/gcc-arm-none-eabi-10-2020-q4-major/bin/../lib/gcc/arm-none-eabi/10.2.1/../../../../arm-none-eabi/lib/thumb/v7-m/nofp/librdimon_nano.a(rdimon-syscalls.o)
                0x0000000000004680                _has_ext_stdout_stderr
 .text.initialise_monitor_handles
                0x0000000000004698       0xc0 /home/sahinayk/gcc-arm-none-eabi-10-2020-q4-major/bin/../lib/gcc/arm-none-eabi/10.2.1/../../../../arm-none-eabi/lib/thumb/v7-m/nofp/librdimon_nano.a(rdimon-syscalls.o)
                0x0000000000004698                initialise_monitor_handles
 .text._link    0x0000000000004758       0x10 /home/sahinayk/gcc-arm-none-eabi-10-2020-q4-major/bin/../lib/gcc/arm-none-eabi/10.2.1/../../../../arm-none-eabi/lib/thumb/v7-m/nofp/librdimon_nano.a(rdimon-syscalls.o)
                0x0000000000004758                _link
 .text._unlink  0x0000000000004768       0x28 /home/sahinayk/gcc-arm-none-eabi-10-2020-q4-major/bin/../lib/gcc/arm-none-eabi/10.2.1/../../../../arm-none-eabi/lib/thumb/v7-m/nofp/librdimon_nano.a(rdimon-syscalls.o)
                0x0000000000004768                _unlink
 .text._gettimeofday
                0x0000000000004790       0x28 /home/sahinayk/gcc-arm-none-eabi-10-2020-q4-major/bin/../lib/gcc/arm-none-eabi/10.2.1/../../../../arm-none-eabi/lib/thumb/v7-m/nofp/librdimon_nano.a(rdimon-syscalls.o)
                0x0000000000004790                _gettimeofday
 .text._clock   0x00000000000047b8       0x12 /home/sahinayk/gcc-arm-none-eabi-10-2020-q4-major/bin/../lib/gcc/arm-none-eabi/10.2.1/../../../../arm-none-eabi/lib/thumb/v7-m/nofp/librdimon_nano.a(rdimon-syscalls.o)
                0x00000000000047b8                _clock
 .text._times   0x00000000000047ca       0x16 /home/sahinayk/gcc-arm-none-eabi-10-2020-q4-major/bin/../lib/gcc/arm-none-eabi/10.2.1/../../../../arm-none-eabi/lib/thumb/v7-m/nofp/librdimon_nano.a(rdimon-syscalls.o)
                0x00000000000047ca                _times
 .text._isatty  0x00000000000047e0       0x38 /home/sahinayk/gcc-arm-none-eabi-10-2020-q4-major/bin/../lib/gcc/arm-none-eabi/10.2.1/../../../../arm-none-eabi/lib/thumb/v7-m/nofp/librdimon_nano.a(rdimon-syscalls.o)
                0x00000000000047e0                _isatty
 .text._system  0x0000000000004818       0x3c /home/sahinayk/gcc-arm-none-eabi-10-2020-q4-major/bin/../lib/gcc/arm-none-eabi/10.2.1/../../../../arm-none-eabi/lib/thumb/v7-m/nofp/librdimon_nano.a(rdimon-syscalls.o)
                0x0000000000004818                _system
 .text._rename  0x0000000000004854       0x36 /home/sahinayk/gcc-arm-none-eabi-10-2020-q4-major/bin/../lib/gcc/arm-none-eabi/10.2.1/../../../../arm-none-eabi/lib/thumb/v7-m/nofp/librdimon_nano.a(rdimon-syscalls.o)
                0x0000000000004854                _rename
 .text          0x000000000000488a        0x0 /home/sahinayk/gcc-arm-none-eabi-10-2020-q4-major/bin/../lib/gcc/arm-none-eabi/10.2.1/../../../../arm-none-eabi/lib/thumb/v7-m/nofp/libc_nano.a(lib_a-errno.o)
 *fill*         0x000000000000488a        0x2 
 .text.__errno  0x000000000000488c        0xc /home/sahinayk/gcc-arm-none-eabi-10-2020-q4-major/bin/../lib/gcc/arm-none-eabi/10.2.1/../../../../arm-none-eabi/lib/thumb/v7-m/nofp/libc_nano.a(lib_a-errno.o)
                0x000000000000488c                __errno
 .text          0x0000000000004898       0x10 /home/sahinayk/gcc-arm-none-eabi-10-2020-q4-major/bin/../lib/gcc/arm-none-eabi/10.2.1/../../../../arm-none-eabi/lib/thumb/v7-m/nofp/libc_nano.a(lib_a-strlen.o)
                0x0000000000004898                strlen
 *(.init)
 *(.fini)
 *(.eh_frame)
 *(.rodata*)
 .rodata.str1.4
                0x00000000000048a8       0x1f build/main_led.o
 *fill*         0x00000000000048c7        0x1 
 .rodata.__sf_fake_stderr
                0x00000000000048c8       0x20 /home/sahinayk/gcc-arm-none-eabi-10-2020-q4-major/bin/../lib/gcc/arm-none-eabi/10.2.1/../../../../arm-none-eabi/lib/thumb/v7-m/nofp/libc_nano.a(lib_a-findfp.o)
                0x00000000000048c8                __sf_fake_stderr
 .rodata.__sf_fake_stdin
                0x00000000000048e8       0x20 /home/sahinayk/gcc-arm-none-eabi-10-2020-q4-major/bin/../lib/gcc/arm-none-eabi/10.2.1/../../../../arm-none-eabi/lib/thumb/v7-m/nofp/libc_nano.a(lib_a-findfp.o)
                0x00000000000048e8                __sf_fake_stdin
 .rodata.__sf_fake_stdout
                0x0000000000004908       0x20 /home/sahinayk/gcc-arm-none-eabi-10-2020-q4-major/bin/../lib/gcc/arm-none-eabi/10.2.1/../../../../arm-none-eabi/lib/thumb/v7-m/nofp/libc_nano.a(lib_a-findfp.o)
                0x0000000000004908                __sf_fake_stdout
 .rodata._global_impure_ptr
                0x0000000000004928        0x4 /home/sahinayk/gcc-arm-none-eabi-10-2020-q4-major/bin/../lib/gcc/arm-none-eabi/10.2.1/../../../../arm-none-eabi/lib/thumb/v7-m/nofp/libc_nano.a(lib_a-impure.o)
                0x0000000000004928                _global_impure_ptr
 .rodata._vfprintf_r.str1.1
                0x000000000000492c       0x11 /home/sahinayk/gcc-arm-none-eabi-10-2020-q4-major/bin/../lib/gcc/arm-none-eabi/10.2.1/../../../../arm-none-eabi/lib/thumb/v7-m/nofp/libc_nano.a(lib_a-nano-vfprintf.o)
 .rodata._printf_i.str1.1
                0x000000000000493d       0x22 /home/sahinayk/gcc-arm-none-eabi-10-2020-q4-major/bin/../lib/gcc/arm-none-eabi/10.2.1/../../../../arm-none-eabi/lib/thumb/v7-m/nofp/libc_nano.a(lib_a-nano-vfprintf_i.o)
 .rodata._get_semihosting_exts.str1.1
                0x000000000000495f       0x16 /home/sahinayk/gcc-arm-none-eabi-10-2020-q4-major/bin/../lib/gcc/arm-none-eabi/10.2.1/../../../../arm-none-eabi/lib/thumb/v7-m/nofp/librdimon_nano.a(rdimon-syscalls.o)
 .rodata.initialise_monitor_handles.str1.1
                0x0000000000004975        0x4 /home/sahinayk/gcc-arm-none-eabi-10-2020-q4-major/bin/../lib/gcc/arm-none-eabi/10.2.1/../../../../arm-none-eabi/lib/thumb/v7-m/nofp/librdimon_nano.a(rdimon-syscalls.o)
                0x000000000000497c                . = ALIGN (0x4)
 *fill*         0x0000000000004979        0x3 
                0x000000000000497c                _etext = .
                0x000000000000497c                _sidata = _etext

.glue_7         0x000000000000497c        0x0
 .glue_7        0x000000000000497c        0x0 linker stubs

.glue_7t        0x000000000000497c        0x0
 .glue_7t       0x000000000000497c        0x0 linker stubs

.vfp11_veneer   0x000000000000497c        0x0
 .vfp11_veneer  0x000000000000497c        0x0 linker stubs

.v4_bx          0x000000000000497c        0x0
 .v4_bx         0x000000000000497c        0x0 linker stubs

.iplt           0x000000000000497c        0x0
 .iplt          0x000000000000497c        0x0 build/init/startup.o

.rel.dyn        0x000000000000497c        0x0
 .rel.iplt      0x000000000000497c        0x0 build/init/startup.o

.ARM.extab      0x000000000000497c        0x0
                0x000000000000497c                . = ALIGN (0x4)
 *(.ARM.extab* .gnu.linkonce.armextab.*)
                0x000000000000497c                . = ALIGN (0x4)

.ARM            0x000000000000497c        0x0
                0x000000000000497c                . = ALIGN (0x4)
                0x000000000000497c                __exidx_start = .
 *(.ARM.exidx* .gnu.linkonce.armexidx.*)
                0x000000000000497c                __exidx_end = .
                0x000000000000497c                . = ALIGN (0x4)

.interrupts_ram
                0x0000000020000000      0x100
                0x0000000020000000                . = ALIGN (0x4)
                0x0000000020000000                __VECTOR_RAM__ = .
                0x0000000020000000                __interrupts_ram_start__ = .
                0x0000000020000100                . = (. + M_VECTOR_RAM_SIZE)
 *fill*         0x0000000020000000      0x100 
                0x0000000020000100                . = ALIGN (0x4)
                0x0000000020000100                __interrupts_ram_end = .

.data           0x0000000020000100       0x78 load address 0x000000000000497c
                0x0000000020000100                . = ALIGN (0x4)
                0x0000000020000100                _sdata = .
 *(.data*)
 .data          0x0000000020000100        0x0 build/init/startup.o
 .data          0x0000000020000100        0x0 build/syscall.o
 .data          0x0000000020000100        0x0 build/main.o
 .data          0x0000000020000100        0x4 build//mnt/c/Users/aykut/Downloads/FreeRTOSv202104.00/FreeRTOS/Source/portable/GCC/ARM_CM3/port.o
 .data          0x0000000020000104        0x4 build//mnt/c/Users/aykut/Downloads/FreeRTOSv202104.00/FreeRTOS/Source/tasks.o
                0x0000000020000104                uxTopUsedPriority
 .data          0x0000000020000108        0x0 build//mnt/c/Users/aykut/Downloads/FreeRTOSv202104.00/FreeRTOS/Source/list.o
 .data          0x0000000020000108        0x0 build//mnt/c/Users/aykut/Downloads/FreeRTOSv202104.00/FreeRTOS/Source/queue.o
 .data          0x0000000020000108        0x0 build//mnt/c/Users/aykut/Downloads/FreeRTOSv202104.00/FreeRTOS/Source/timers.o
 .data          0x0000000020000108        0x0 build//mnt/c/Users/aykut/Downloads/FreeRTOSv202104.00/FreeRTOS/Source/event_groups.o
 .data          0x0000000020000108        0x0 build//mnt/c/Users/aykut/Downloads/FreeRTOSv202104.00/FreeRTOS/Source/portable/MemMang/heap_3.o
 .data          0x0000000020000108        0x0 build/main_led.o
 .data          0x0000000020000108        0x0 /home/sahinayk/gcc-arm-none-eabi-10-2020-q4-major/bin/../lib/gcc/arm-none-eabi/10.2.1/../../../../arm-none-eabi/lib/thumb/v7-m/nofp/libc_nano.a(lib_a-malloc.o)
 .data          0x0000000020000108        0x0 /home/sahinayk/gcc-arm-none-eabi-10-2020-q4-major/bin/../lib/gcc/arm-none-eabi/10.2.1/../../../../arm-none-eabi/lib/thumb/v7-m/nofp/libc_nano.a(lib_a-memcpy-stub.o)
 .data          0x0000000020000108        0x0 /home/sahinayk/gcc-arm-none-eabi-10-2020-q4-major/bin/../lib/gcc/arm-none-eabi/10.2.1/../../../../arm-none-eabi/lib/thumb/v7-m/nofp/libc_nano.a(lib_a-memset.o)
 .data          0x0000000020000108        0x0 /home/sahinayk/gcc-arm-none-eabi-10-2020-q4-major/bin/../lib/gcc/arm-none-eabi/10.2.1/../../../../arm-none-eabi/lib/thumb/v7-m/nofp/libc_nano.a(lib_a-nano-freer.o)
 .data          0x0000000020000108        0x0 /home/sahinayk/gcc-arm-none-eabi-10-2020-q4-major/bin/../lib/gcc/arm-none-eabi/10.2.1/../../../../arm-none-eabi/lib/thumb/v7-m/nofp/libc_nano.a(lib_a-nano-mallocr.o)
 .data          0x0000000020000108        0x0 /home/sahinayk/gcc-arm-none-eabi-10-2020-q4-major/bin/../lib/gcc/arm-none-eabi/10.2.1/../../../../arm-none-eabi/lib/thumb/v7-m/nofp/libc_nano.a(lib_a-puts.o)
 .data          0x0000000020000108        0x0 /home/sahinayk/gcc-arm-none-eabi-10-2020-q4-major/bin/../lib/gcc/arm-none-eabi/10.2.1/../../../../arm-none-eabi/lib/thumb/v7-m/nofp/libc_nano.a(lib_a-sbrkr.o)
 .data          0x0000000020000108        0x0 /home/sahinayk/gcc-arm-none-eabi-10-2020-q4-major/bin/../lib/gcc/arm-none-eabi/10.2.1/../../../../arm-none-eabi/lib/thumb/v7-m/nofp/libc_nano.a(lib_a-vprintf.o)
 .data          0x0000000020000108        0x0 /home/sahinayk/gcc-arm-none-eabi-10-2020-q4-major/bin/../lib/gcc/arm-none-eabi/10.2.1/../../../../arm-none-eabi/lib/thumb/v7-m/nofp/libc_nano.a(lib_a-wbuf.o)
 .data          0x0000000020000108        0x0 /home/sahinayk/gcc-arm-none-eabi-10-2020-q4-major/bin/../lib/gcc/arm-none-eabi/10.2.1/../../../../arm-none-eabi/lib/thumb/v7-m/nofp/libc_nano.a(lib_a-wsetup.o)
 .data          0x0000000020000108        0x0 /home/sahinayk/gcc-arm-none-eabi-10-2020-q4-major/bin/../lib/gcc/arm-none-eabi/10.2.1/../../../../arm-none-eabi/lib/thumb/v7-m/nofp/libc_nano.a(lib_a-fflush.o)
 .data          0x0000000020000108        0x0 /home/sahinayk/gcc-arm-none-eabi-10-2020-q4-major/bin/../lib/gcc/arm-none-eabi/10.2.1/../../../../arm-none-eabi/lib/thumb/v7-m/nofp/libc_nano.a(lib_a-findfp.o)
 .data          0x0000000020000108        0x0 /home/sahinayk/gcc-arm-none-eabi-10-2020-q4-major/bin/../lib/gcc/arm-none-eabi/10.2.1/../../../../arm-none-eabi/lib/thumb/v7-m/nofp/libc_nano.a(lib_a-fwalk.o)
 .data          0x0000000020000108        0x0 /home/sahinayk/gcc-arm-none-eabi-10-2020-q4-major/bin/../lib/gcc/arm-none-eabi/10.2.1/../../../../arm-none-eabi/lib/thumb/v7-m/nofp/libc_nano.a(lib_a-impure.o)
 .data._impure_ptr
                0x0000000020000108        0x4 /home/sahinayk/gcc-arm-none-eabi-10-2020-q4-major/bin/../lib/gcc/arm-none-eabi/10.2.1/../../../../arm-none-eabi/lib/thumb/v7-m/nofp/libc_nano.a(lib_a-impure.o)
                0x0000000020000108                _impure_ptr
 .data.impure_data
                0x000000002000010c       0x60 /home/sahinayk/gcc-arm-none-eabi-10-2020-q4-major/bin/../lib/gcc/arm-none-eabi/10.2.1/../../../../arm-none-eabi/lib/thumb/v7-m/nofp/libc_nano.a(lib_a-impure.o)
 .data          0x000000002000016c        0x0 /home/sahinayk/gcc-arm-none-eabi-10-2020-q4-major/bin/../lib/gcc/arm-none-eabi/10.2.1/../../../../arm-none-eabi/lib/thumb/v7-m/nofp/libc_nano.a(lib_a-lock.o)
 .data          0x000000002000016c        0x0 /home/sahinayk/gcc-arm-none-eabi-10-2020-q4-major/bin/../lib/gcc/arm-none-eabi/10.2.1/../../../../arm-none-eabi/lib/thumb/v7-m/nofp/libc_nano.a(lib_a-makebuf.o)
 .data          0x000000002000016c        0x0 /home/sahinayk/gcc-arm-none-eabi-10-2020-q4-major/bin/../lib/gcc/arm-none-eabi/10.2.1/../../../../arm-none-eabi/lib/thumb/v7-m/nofp/libc_nano.a(lib_a-mlock.o)
 .data          0x000000002000016c        0x0 /home/sahinayk/gcc-arm-none-eabi-10-2020-q4-major/bin/../lib/gcc/arm-none-eabi/10.2.1/../../../../arm-none-eabi/lib/thumb/v7-m/nofp/libc_nano.a(lib_a-nano-vfprintf.o)
 .data          0x000000002000016c        0x0 /home/sahinayk/gcc-arm-none-eabi-10-2020-q4-major/bin/../lib/gcc/arm-none-eabi/10.2.1/../../../../arm-none-eabi/lib/thumb/v7-m/nofp/libc_nano.a(lib_a-nano-vfprintf_i.o)
 .data          0x000000002000016c        0x0 /home/sahinayk/gcc-arm-none-eabi-10-2020-q4-major/bin/../lib/gcc/arm-none-eabi/10.2.1/../../../../arm-none-eabi/lib/thumb/v7-m/nofp/libc_nano.a(lib_a-reent.o)
 .data          0x000000002000016c        0x0 /home/sahinayk/gcc-arm-none-eabi-10-2020-q4-major/bin/../lib/gcc/arm-none-eabi/10.2.1/../../../../arm-none-eabi/lib/thumb/v7-m/nofp/libc_nano.a(lib_a-stdio.o)
 .data          0x000000002000016c        0x0 /home/sahinayk/gcc-arm-none-eabi-10-2020-q4-major/bin/../lib/gcc/arm-none-eabi/10.2.1/../../../../arm-none-eabi/lib/thumb/v7-m/nofp/libc_nano.a(lib_a-writer.o)
 .data          0x000000002000016c        0x0 /home/sahinayk/gcc-arm-none-eabi-10-2020-q4-major/bin/../lib/gcc/arm-none-eabi/10.2.1/../../../../arm-none-eabi/lib/thumb/v7-m/nofp/libc_nano.a(lib_a-closer.o)
 .data          0x000000002000016c        0x0 /home/sahinayk/gcc-arm-none-eabi-10-2020-q4-major/bin/../lib/gcc/arm-none-eabi/10.2.1/../../../../arm-none-eabi/lib/thumb/v7-m/nofp/libc_nano.a(lib_a-fstatr.o)
 .data          0x000000002000016c        0x0 /home/sahinayk/gcc-arm-none-eabi-10-2020-q4-major/bin/../lib/gcc/arm-none-eabi/10.2.1/../../../../arm-none-eabi/lib/thumb/v7-m/nofp/libc_nano.a(lib_a-fvwrite.o)
 .data          0x000000002000016c        0x0 /home/sahinayk/gcc-arm-none-eabi-10-2020-q4-major/bin/../lib/gcc/arm-none-eabi/10.2.1/../../../../arm-none-eabi/lib/thumb/v7-m/nofp/libc_nano.a(lib_a-isattyr.o)
 .data          0x000000002000016c        0x0 /home/sahinayk/gcc-arm-none-eabi-10-2020-q4-major/bin/../lib/gcc/arm-none-eabi/10.2.1/../../../../arm-none-eabi/lib/thumb/v7-m/nofp/libc_nano.a(lib_a-lseekr.o)
 .data          0x000000002000016c        0x0 /home/sahinayk/gcc-arm-none-eabi-10-2020-q4-major/bin/../lib/gcc/arm-none-eabi/10.2.1/../../../../arm-none-eabi/lib/thumb/v7-m/nofp/libc_nano.a(lib_a-memchr-stub.o)
 .data          0x000000002000016c        0x0 /home/sahinayk/gcc-arm-none-eabi-10-2020-q4-major/bin/../lib/gcc/arm-none-eabi/10.2.1/../../../../arm-none-eabi/lib/thumb/v7-m/nofp/libc_nano.a(lib_a-memmove.o)
 .data          0x000000002000016c        0x0 /home/sahinayk/gcc-arm-none-eabi-10-2020-q4-major/bin/../lib/gcc/arm-none-eabi/10.2.1/../../../../arm-none-eabi/lib/thumb/v7-m/nofp/libc_nano.a(lib_a-nano-reallocr.o)
 .data          0x000000002000016c        0x0 /home/sahinayk/gcc-arm-none-eabi-10-2020-q4-major/bin/../lib/gcc/arm-none-eabi/10.2.1/../../../../arm-none-eabi/lib/thumb/v7-m/nofp/libc_nano.a(lib_a-readr.o)
 .data          0x000000002000016c        0x0 /home/sahinayk/gcc-arm-none-eabi-10-2020-q4-major/bin/../lib/gcc/arm-none-eabi/10.2.1/../../../../arm-none-eabi/lib/thumb/v7-m/nofp/libc_nano.a(lib_a-nano-msizer.o)
 .data          0x000000002000016c        0x0 /home/sahinayk/gcc-arm-none-eabi-10-2020-q4-major/bin/../lib/gcc/arm-none-eabi/10.2.1/../../../../arm-none-eabi/lib/thumb/v7-m/nofp/librdimon_nano.a(rdimon-syscalls.o)
 .data.__heap_limit
                0x000000002000016c        0x4 /home/sahinayk/gcc-arm-none-eabi-10-2020-q4-major/bin/../lib/gcc/arm-none-eabi/10.2.1/../../../../arm-none-eabi/lib/thumb/v7-m/nofp/librdimon_nano.a(rdimon-syscalls.o)
                0x000000002000016c                __heap_limit
 .data.supports_ext_exit_extended
                0x0000000020000170        0x4 /home/sahinayk/gcc-arm-none-eabi-10-2020-q4-major/bin/../lib/gcc/arm-none-eabi/10.2.1/../../../../arm-none-eabi/lib/thumb/v7-m/nofp/librdimon_nano.a(rdimon-syscalls.o)
 .data.supports_ext_stdout_stderr
                0x0000000020000174        0x4 /home/sahinayk/gcc-arm-none-eabi-10-2020-q4-major/bin/../lib/gcc/arm-none-eabi/10.2.1/../../../../arm-none-eabi/lib/thumb/v7-m/nofp/librdimon_nano.a(rdimon-syscalls.o)
 .data          0x0000000020000178        0x0 /home/sahinayk/gcc-arm-none-eabi-10-2020-q4-major/bin/../lib/gcc/arm-none-eabi/10.2.1/../../../../arm-none-eabi/lib/thumb/v7-m/nofp/libc_nano.a(lib_a-errno.o)
 .data          0x0000000020000178        0x0 /home/sahinayk/gcc-arm-none-eabi-10-2020-q4-major/bin/../lib/gcc/arm-none-eabi/10.2.1/../../../../arm-none-eabi/lib/thumb/v7-m/nofp/libc_nano.a(lib_a-strlen.o)
                0x0000000020000178                . = ALIGN (0x4)
                0x0000000020000178                _edata = .

.igot.plt       0x0000000020000178        0x0 load address 0x00000000000049f4
 .igot.plt      0x0000000020000178        0x0 build/init/startup.o

.uninitialized  0x0000000020000178        0x8 load address 0x00000000000049f4
                0x0000000020000180                . = ALIGN (0x20)
 *fill*         0x0000000020000178        0x8 
                0x0000000020000180                __uninitialized_start = .
 *(.uninitialized)
 *(.keep.uninitialized)
                0x0000000020000180                . = ALIGN (0x20)
                0x0000000020000180                __uninitialized_end = .

.bss            0x0000000020000180      0x218 load address 0x00000000000049f4
                0x0000000020000180                . = ALIGN (0x4)
                0x0000000020000180                _sbss = .
                0x0000000020000180                __bss_start__ = _sbss
 *(.bss*)
 .bss           0x0000000020000180        0x0 build/init/startup.o
 .bss           0x0000000020000180        0x4 build/syscall.o
 .bss           0x0000000020000184        0x0 build/main.o
 .bss           0x0000000020000184        0x8 build//mnt/c/Users/aykut/Downloads/FreeRTOSv202104.00/FreeRTOS/Source/portable/GCC/ARM_CM3/port.o
 .bss           0x000000002000018c      0x13c build//mnt/c/Users/aykut/Downloads/FreeRTOSv202104.00/FreeRTOS/Source/tasks.o
                0x0000000020000190                pxCurrentTCB
 .bss           0x00000000200002c8        0x0 build//mnt/c/Users/aykut/Downloads/FreeRTOSv202104.00/FreeRTOS/Source/list.o
 .bss           0x00000000200002c8        0x0 build//mnt/c/Users/aykut/Downloads/FreeRTOSv202104.00/FreeRTOS/Source/queue.o
 .bss           0x00000000200002c8        0x0 build//mnt/c/Users/aykut/Downloads/FreeRTOSv202104.00/FreeRTOS/Source/timers.o
 .bss           0x00000000200002c8        0x0 build//mnt/c/Users/aykut/Downloads/FreeRTOSv202104.00/FreeRTOS/Source/event_groups.o
 .bss           0x00000000200002c8        0x0 build//mnt/c/Users/aykut/Downloads/FreeRTOSv202104.00/FreeRTOS/Source/portable/MemMang/heap_3.o
 .bss           0x00000000200002c8        0x8 build/main_led.o
                0x00000000200002cc                ulRxEvents
 .bss           0x00000000200002d0        0x0 /home/sahinayk/gcc-arm-none-eabi-10-2020-q4-major/bin/../lib/gcc/arm-none-eabi/10.2.1/../../../../arm-none-eabi/lib/thumb/v7-m/nofp/libc_nano.a(lib_a-malloc.o)
 .bss           0x00000000200002d0        0x0 /home/sahinayk/gcc-arm-none-eabi-10-2020-q4-major/bin/../lib/gcc/arm-none-eabi/10.2.1/../../../../arm-none-eabi/lib/thumb/v7-m/nofp/libc_nano.a(lib_a-memcpy-stub.o)
 .bss           0x00000000200002d0        0x0 /home/sahinayk/gcc-arm-none-eabi-10-2020-q4-major/bin/../lib/gcc/arm-none-eabi/10.2.1/../../../../arm-none-eabi/lib/thumb/v7-m/nofp/libc_nano.a(lib_a-memset.o)
 .bss           0x00000000200002d0        0x0 /home/sahinayk/gcc-arm-none-eabi-10-2020-q4-major/bin/../lib/gcc/arm-none-eabi/10.2.1/../../../../arm-none-eabi/lib/thumb/v7-m/nofp/libc_nano.a(lib_a-nano-freer.o)
 .bss           0x00000000200002d0        0x0 /home/sahinayk/gcc-arm-none-eabi-10-2020-q4-major/bin/../lib/gcc/arm-none-eabi/10.2.1/../../../../arm-none-eabi/lib/thumb/v7-m/nofp/libc_nano.a(lib_a-nano-mallocr.o)
 .bss.__malloc_free_list
                0x00000000200002d0        0x4 /home/sahinayk/gcc-arm-none-eabi-10-2020-q4-major/bin/../lib/gcc/arm-none-eabi/10.2.1/../../../../arm-none-eabi/lib/thumb/v7-m/nofp/libc_nano.a(lib_a-nano-mallocr.o)
                0x00000000200002d0                __malloc_free_list
 .bss.__malloc_sbrk_start
                0x00000000200002d4        0x4 /home/sahinayk/gcc-arm-none-eabi-10-2020-q4-major/bin/../lib/gcc/arm-none-eabi/10.2.1/../../../../arm-none-eabi/lib/thumb/v7-m/nofp/libc_nano.a(lib_a-nano-mallocr.o)
                0x00000000200002d4                __malloc_sbrk_start
 .bss           0x00000000200002d8        0x0 /home/sahinayk/gcc-arm-none-eabi-10-2020-q4-major/bin/../lib/gcc/arm-none-eabi/10.2.1/../../../../arm-none-eabi/lib/thumb/v7-m/nofp/libc_nano.a(lib_a-puts.o)
 .bss           0x00000000200002d8        0x0 /home/sahinayk/gcc-arm-none-eabi-10-2020-q4-major/bin/../lib/gcc/arm-none-eabi/10.2.1/../../../../arm-none-eabi/lib/thumb/v7-m/nofp/libc_nano.a(lib_a-sbrkr.o)
 .bss           0x00000000200002d8        0x0 /home/sahinayk/gcc-arm-none-eabi-10-2020-q4-major/bin/../lib/gcc/arm-none-eabi/10.2.1/../../../../arm-none-eabi/lib/thumb/v7-m/nofp/libc_nano.a(lib_a-vprintf.o)
 .bss           0x00000000200002d8        0x0 /home/sahinayk/gcc-arm-none-eabi-10-2020-q4-major/bin/../lib/gcc/arm-none-eabi/10.2.1/../../../../arm-none-eabi/lib/thumb/v7-m/nofp/libc_nano.a(lib_a-wbuf.o)
 .bss           0x00000000200002d8        0x0 /home/sahinayk/gcc-arm-none-eabi-10-2020-q4-major/bin/../lib/gcc/arm-none-eabi/10.2.1/../../../../arm-none-eabi/lib/thumb/v7-m/nofp/libc_nano.a(lib_a-wsetup.o)
 .bss           0x00000000200002d8        0x0 /home/sahinayk/gcc-arm-none-eabi-10-2020-q4-major/bin/../lib/gcc/arm-none-eabi/10.2.1/../../../../arm-none-eabi/lib/thumb/v7-m/nofp/libc_nano.a(lib_a-fflush.o)
 .bss           0x00000000200002d8        0x0 /home/sahinayk/gcc-arm-none-eabi-10-2020-q4-major/bin/../lib/gcc/arm-none-eabi/10.2.1/../../../../arm-none-eabi/lib/thumb/v7-m/nofp/libc_nano.a(lib_a-findfp.o)
 .bss           0x00000000200002d8        0x0 /home/sahinayk/gcc-arm-none-eabi-10-2020-q4-major/bin/../lib/gcc/arm-none-eabi/10.2.1/../../../../arm-none-eabi/lib/thumb/v7-m/nofp/libc_nano.a(lib_a-fwalk.o)
 .bss           0x00000000200002d8        0x0 /home/sahinayk/gcc-arm-none-eabi-10-2020-q4-major/bin/../lib/gcc/arm-none-eabi/10.2.1/../../../../arm-none-eabi/lib/thumb/v7-m/nofp/libc_nano.a(lib_a-impure.o)
 .bss           0x00000000200002d8        0x0 /home/sahinayk/gcc-arm-none-eabi-10-2020-q4-major/bin/../lib/gcc/arm-none-eabi/10.2.1/../../../../arm-none-eabi/lib/thumb/v7-m/nofp/libc_nano.a(lib_a-lock.o)
 .bss.__lock___arc4random_mutex
                0x00000000200002d8        0x1 /home/sahinayk/gcc-arm-none-eabi-10-2020-q4-major/bin/../lib/gcc/arm-none-eabi/10.2.1/../../../../arm-none-eabi/lib/thumb/v7-m/nofp/libc_nano.a(lib_a-lock.o)
                0x00000000200002d8                __lock___arc4random_mutex
 .bss.__lock___at_quick_exit_mutex
                0x00000000200002d9        0x1 /home/sahinayk/gcc-arm-none-eabi-10-2020-q4-major/bin/../lib/gcc/arm-none-eabi/10.2.1/../../../../arm-none-eabi/lib/thumb/v7-m/nofp/libc_nano.a(lib_a-lock.o)
                0x00000000200002d9                __lock___at_quick_exit_mutex
 .bss.__lock___atexit_recursive_mutex
                0x00000000200002da        0x1 /home/sahinayk/gcc-arm-none-eabi-10-2020-q4-major/bin/../lib/gcc/arm-none-eabi/10.2.1/../../../../arm-none-eabi/lib/thumb/v7-m/nofp/libc_nano.a(lib_a-lock.o)
                0x00000000200002da                __lock___atexit_recursive_mutex
 .bss.__lock___dd_hash_mutex
                0x00000000200002db        0x1 /home/sahinayk/gcc-arm-none-eabi-10-2020-q4-major/bin/../lib/gcc/arm-none-eabi/10.2.1/../../../../arm-none-eabi/lib/thumb/v7-m/nofp/libc_nano.a(lib_a-lock.o)
                0x00000000200002db                __lock___dd_hash_mutex
 .bss.__lock___env_recursive_mutex
                0x00000000200002dc        0x1 /home/sahinayk/gcc-arm-none-eabi-10-2020-q4-major/bin/../lib/gcc/arm-none-eabi/10.2.1/../../../../arm-none-eabi/lib/thumb/v7-m/nofp/libc_nano.a(lib_a-lock.o)
                0x00000000200002dc                __lock___env_recursive_mutex
 .bss.__lock___malloc_recursive_mutex
                0x00000000200002dd        0x1 /home/sahinayk/gcc-arm-none-eabi-10-2020-q4-major/bin/../lib/gcc/arm-none-eabi/10.2.1/../../../../arm-none-eabi/lib/thumb/v7-m/nofp/libc_nano.a(lib_a-lock.o)
                0x00000000200002dd                __lock___malloc_recursive_mutex
 .bss.__lock___sfp_recursive_mutex
                0x00000000200002de        0x1 /home/sahinayk/gcc-arm-none-eabi-10-2020-q4-major/bin/../lib/gcc/arm-none-eabi/10.2.1/../../../../arm-none-eabi/lib/thumb/v7-m/nofp/libc_nano.a(lib_a-lock.o)
                0x00000000200002de                __lock___sfp_recursive_mutex
 .bss.__lock___sinit_recursive_mutex
                0x00000000200002df        0x1 /home/sahinayk/gcc-arm-none-eabi-10-2020-q4-major/bin/../lib/gcc/arm-none-eabi/10.2.1/../../../../arm-none-eabi/lib/thumb/v7-m/nofp/libc_nano.a(lib_a-lock.o)
                0x00000000200002df                __lock___sinit_recursive_mutex
 .bss.__lock___tz_mutex
                0x00000000200002e0        0x1 /home/sahinayk/gcc-arm-none-eabi-10-2020-q4-major/bin/../lib/gcc/arm-none-eabi/10.2.1/../../../../arm-none-eabi/lib/thumb/v7-m/nofp/libc_nano.a(lib_a-lock.o)
                0x00000000200002e0                __lock___tz_mutex
 .bss           0x00000000200002e1        0x0 /home/sahinayk/gcc-arm-none-eabi-10-2020-q4-major/bin/../lib/gcc/arm-none-eabi/10.2.1/../../../../arm-none-eabi/lib/thumb/v7-m/nofp/libc_nano.a(lib_a-makebuf.o)
 .bss           0x00000000200002e1        0x0 /home/sahinayk/gcc-arm-none-eabi-10-2020-q4-major/bin/../lib/gcc/arm-none-eabi/10.2.1/../../../../arm-none-eabi/lib/thumb/v7-m/nofp/libc_nano.a(lib_a-mlock.o)
 .bss           0x00000000200002e1        0x0 /home/sahinayk/gcc-arm-none-eabi-10-2020-q4-major/bin/../lib/gcc/arm-none-eabi/10.2.1/../../../../arm-none-eabi/lib/thumb/v7-m/nofp/libc_nano.a(lib_a-nano-vfprintf.o)
 .bss           0x00000000200002e1        0x0 /home/sahinayk/gcc-arm-none-eabi-10-2020-q4-major/bin/../lib/gcc/arm-none-eabi/10.2.1/../../../../arm-none-eabi/lib/thumb/v7-m/nofp/libc_nano.a(lib_a-nano-vfprintf_i.o)
 .bss           0x00000000200002e1        0x0 /home/sahinayk/gcc-arm-none-eabi-10-2020-q4-major/bin/../lib/gcc/arm-none-eabi/10.2.1/../../../../arm-none-eabi/lib/thumb/v7-m/nofp/libc_nano.a(lib_a-reent.o)
 *fill*         0x00000000200002e1        0x3 
 .bss.errno     0x00000000200002e4        0x4 /home/sahinayk/gcc-arm-none-eabi-10-2020-q4-major/bin/../lib/gcc/arm-none-eabi/10.2.1/../../../../arm-none-eabi/lib/thumb/v7-m/nofp/libc_nano.a(lib_a-reent.o)
                0x00000000200002e4                errno
 .bss           0x00000000200002e8        0x0 /home/sahinayk/gcc-arm-none-eabi-10-2020-q4-major/bin/../lib/gcc/arm-none-eabi/10.2.1/../../../../arm-none-eabi/lib/thumb/v7-m/nofp/libc_nano.a(lib_a-stdio.o)
 .bss           0x00000000200002e8        0x0 /home/sahinayk/gcc-arm-none-eabi-10-2020-q4-major/bin/../lib/gcc/arm-none-eabi/10.2.1/../../../../arm-none-eabi/lib/thumb/v7-m/nofp/libc_nano.a(lib_a-writer.o)
 .bss           0x00000000200002e8        0x0 /home/sahinayk/gcc-arm-none-eabi-10-2020-q4-major/bin/../lib/gcc/arm-none-eabi/10.2.1/../../../../arm-none-eabi/lib/thumb/v7-m/nofp/libc_nano.a(lib_a-closer.o)
 .bss           0x00000000200002e8        0x0 /home/sahinayk/gcc-arm-none-eabi-10-2020-q4-major/bin/../lib/gcc/arm-none-eabi/10.2.1/../../../../arm-none-eabi/lib/thumb/v7-m/nofp/libc_nano.a(lib_a-fstatr.o)
 .bss           0x00000000200002e8        0x0 /home/sahinayk/gcc-arm-none-eabi-10-2020-q4-major/bin/../lib/gcc/arm-none-eabi/10.2.1/../../../../arm-none-eabi/lib/thumb/v7-m/nofp/libc_nano.a(lib_a-fvwrite.o)
 .bss           0x00000000200002e8        0x0 /home/sahinayk/gcc-arm-none-eabi-10-2020-q4-major/bin/../lib/gcc/arm-none-eabi/10.2.1/../../../../arm-none-eabi/lib/thumb/v7-m/nofp/libc_nano.a(lib_a-isattyr.o)
 .bss           0x00000000200002e8        0x0 /home/sahinayk/gcc-arm-none-eabi-10-2020-q4-major/bin/../lib/gcc/arm-none-eabi/10.2.1/../../../../arm-none-eabi/lib/thumb/v7-m/nofp/libc_nano.a(lib_a-lseekr.o)
 .bss           0x00000000200002e8        0x0 /home/sahinayk/gcc-arm-none-eabi-10-2020-q4-major/bin/../lib/gcc/arm-none-eabi/10.2.1/../../../../arm-none-eabi/lib/thumb/v7-m/nofp/libc_nano.a(lib_a-memchr-stub.o)
 .bss           0x00000000200002e8        0x0 /home/sahinayk/gcc-arm-none-eabi-10-2020-q4-major/bin/../lib/gcc/arm-none-eabi/10.2.1/../../../../arm-none-eabi/lib/thumb/v7-m/nofp/libc_nano.a(lib_a-memmove.o)
 .bss           0x00000000200002e8        0x0 /home/sahinayk/gcc-arm-none-eabi-10-2020-q4-major/bin/../lib/gcc/arm-none-eabi/10.2.1/../../../../arm-none-eabi/lib/thumb/v7-m/nofp/libc_nano.a(lib_a-nano-reallocr.o)
 .bss           0x00000000200002e8        0x0 /home/sahinayk/gcc-arm-none-eabi-10-2020-q4-major/bin/../lib/gcc/arm-none-eabi/10.2.1/../../../../arm-none-eabi/lib/thumb/v7-m/nofp/libc_nano.a(lib_a-readr.o)
 .bss           0x00000000200002e8        0x0 /home/sahinayk/gcc-arm-none-eabi-10-2020-q4-major/bin/../lib/gcc/arm-none-eabi/10.2.1/../../../../arm-none-eabi/lib/thumb/v7-m/nofp/libc_nano.a(lib_a-nano-msizer.o)
 .bss           0x00000000200002e8        0x0 /home/sahinayk/gcc-arm-none-eabi-10-2020-q4-major/bin/../lib/gcc/arm-none-eabi/10.2.1/../../../../arm-none-eabi/lib/thumb/v7-m/nofp/librdimon_nano.a(rdimon-syscalls.o)
 .bss.heap_end.0
                0x00000000200002e8        0x4 /home/sahinayk/gcc-arm-none-eabi-10-2020-q4-major/bin/../lib/gcc/arm-none-eabi/10.2.1/../../../../arm-none-eabi/lib/thumb/v7-m/nofp/librdimon_nano.a(rdimon-syscalls.o)
 .bss.monitor_stderr
                0x00000000200002ec        0x4 /home/sahinayk/gcc-arm-none-eabi-10-2020-q4-major/bin/../lib/gcc/arm-none-eabi/10.2.1/../../../../arm-none-eabi/lib/thumb/v7-m/nofp/librdimon_nano.a(rdimon-syscalls.o)
 .bss.monitor_stdin
                0x00000000200002f0        0x4 /home/sahinayk/gcc-arm-none-eabi-10-2020-q4-major/bin/../lib/gcc/arm-none-eabi/10.2.1/../../../../arm-none-eabi/lib/thumb/v7-m/nofp/librdimon_nano.a(rdimon-syscalls.o)
 .bss.monitor_stdout
                0x00000000200002f4        0x4 /home/sahinayk/gcc-arm-none-eabi-10-2020-q4-major/bin/../lib/gcc/arm-none-eabi/10.2.1/../../../../arm-none-eabi/lib/thumb/v7-m/nofp/librdimon_nano.a(rdimon-syscalls.o)
 .bss.openfiles
                0x00000000200002f8       0xa0 /home/sahinayk/gcc-arm-none-eabi-10-2020-q4-major/bin/../lib/gcc/arm-none-eabi/10.2.1/../../../../arm-none-eabi/lib/thumb/v7-m/nofp/librdimon_nano.a(rdimon-syscalls.o)
 .bss           0x0000000020000398        0x0 /home/sahinayk/gcc-arm-none-eabi-10-2020-q4-major/bin/../lib/gcc/arm-none-eabi/10.2.1/../../../../arm-none-eabi/lib/thumb/v7-m/nofp/libc_nano.a(lib_a-errno.o)
 .bss           0x0000000020000398        0x0 /home/sahinayk/gcc-arm-none-eabi-10-2020-q4-major/bin/../lib/gcc/arm-none-eabi/10.2.1/../../../../arm-none-eabi/lib/thumb/v7-m/nofp/libc_nano.a(lib_a-strlen.o)
 *(COMMON)
                0x0000000020000398                . = ALIGN (0x4)
                0x0000000020000398                _ebss = .
                0x0000000020000398                __bss_end__ = _ebss

.heap           0x0000000020000398    0x44000 load address 0x00000000000049f4
                0x0000000020000398                . = ALIGN (0x8)
                0x0000000020000398                PROVIDE (end = .)
                [!provide]                        PROVIDE (_end = .)
                0x0000000020000398                _heap_bottom = .
                0x0000000020040398                . = (. + _Min_Heap_Size)
 *fill*         0x0000000020000398    0x40000 
                0x0000000020040398                _heap_top = .
                0x0000000020044398                . = (. + _Min_Stack_Size)
 *fill*         0x0000000020040398     0x4000 
                0x0000000020044398                . = ALIGN (0x8)
                0x0000000020400000                __StackTop = (ORIGIN (RAM) + LENGTH (RAM))
                0x00000000203fc000                __StackLimit = (__StackTop - _Min_Stack_Size)
                [!provide]                        PROVIDE (__stack = __StackTop)
                0x0000000000000001                ASSERT ((__StackLimit >= _heap_top), region RAM overflowed with stack)
OUTPUT(build/RTOSLed.axf elf32-littlearm)
LOAD linker stubs

.comment        0x0000000000000000       0x4d
 .comment       0x0000000000000000       0x4d build/init/startup.o
                                         0x4e (size before relaxing)
 .comment       0x000000000000004d       0x4e build/syscall.o
 .comment       0x000000000000004d       0x4e build/main.o
 .comment       0x000000000000004d       0x4e build//mnt/c/Users/aykut/Downloads/FreeRTOSv202104.00/FreeRTOS/Source/portable/GCC/ARM_CM3/port.o
 .comment       0x000000000000004d       0x4e build//mnt/c/Users/aykut/Downloads/FreeRTOSv202104.00/FreeRTOS/Source/tasks.o
 .comment       0x000000000000004d       0x4e build//mnt/c/Users/aykut/Downloads/FreeRTOSv202104.00/FreeRTOS/Source/list.o
 .comment       0x000000000000004d       0x4e build//mnt/c/Users/aykut/Downloads/FreeRTOSv202104.00/FreeRTOS/Source/queue.o
 .comment       0x000000000000004d       0x4e build//mnt/c/Users/aykut/Downloads/FreeRTOSv202104.00/FreeRTOS/Source/timers.o
 .comment       0x000000000000004d       0x4e build//mnt/c/Users/aykut/Downloads/FreeRTOSv202104.00/FreeRTOS/Source/event_groups.o
 .comment       0x000000000000004d       0x4e build//mnt/c/Users/aykut/Downloads/FreeRTOSv202104.00/FreeRTOS/Source/portable/MemMang/heap_3.o
 .comment       0x000000000000004d       0x4e build/main_led.o

.ARM.attributes
                0x0000000000000000       0x2b
 .ARM.attributes
                0x0000000000000000       0x2d build/init/startup.o
 .ARM.attributes
                0x000000000000002d       0x2d build/syscall.o
 .ARM.attributes
                0x000000000000005a       0x2d build/main.o
 .ARM.attributes
                0x0000000000000087       0x2d build//mnt/c/Users/aykut/Downloads/FreeRTOSv202104.00/FreeRTOS/Source/portable/GCC/ARM_CM3/port.o
 .ARM.attributes
                0x00000000000000b4       0x2d build//mnt/c/Users/aykut/Downloads/FreeRTOSv202104.00/FreeRTOS/Source/tasks.o
 .ARM.attributes
                0x00000000000000e1       0x2d build//mnt/c/Users/aykut/Downloads/FreeRTOSv202104.00/FreeRTOS/Source/list.o
 .ARM.attributes
                0x000000000000010e       0x2d build//mnt/c/Users/aykut/Downloads/FreeRTOSv202104.00/FreeRTOS/Source/queue.o
 .ARM.attributes
                0x000000000000013b       0x33 build//mnt/c/Users/aykut/Downloads/FreeRTOSv202104.00/FreeRTOS/Source/timers.o
 .ARM.attributes
                0x000000000000016e       0x2d build//mnt/c/Users/aykut/Downloads/FreeRTOSv202104.00/FreeRTOS/Source/event_groups.o
 .ARM.attributes
                0x000000000000019b       0x2d build//mnt/c/Users/aykut/Downloads/FreeRTOSv202104.00/FreeRTOS/Source/portable/MemMang/heap_3.o
 .ARM.attributes
                0x00000000000001c8       0x2d build/main_led.o
 .ARM.attributes
                0x00000000000001f5       0x2d /home/sahinayk/gcc-arm-none-eabi-10-2020-q4-major/bin/../lib/gcc/arm-none-eabi/10.2.1/../../../../arm-none-eabi/lib/thumb/v7-m/nofp/libc_nano.a(lib_a-malloc.o)
 .ARM.attributes
                0x0000000000000222       0x2d /home/sahinayk/gcc-arm-none-eabi-10-2020-q4-major/bin/../lib/gcc/arm-none-eabi/10.2.1/../../../../arm-none-eabi/lib/thumb/v7-m/nofp/libc_nano.a(lib_a-memcpy-stub.o)
 .ARM.attributes
                0x000000000000024f       0x2d /home/sahinayk/gcc-arm-none-eabi-10-2020-q4-major/bin/../lib/gcc/arm-none-eabi/10.2.1/../../../../arm-none-eabi/lib/thumb/v7-m/nofp/libc_nano.a(lib_a-memset.o)
 .ARM.attributes
                0x000000000000027c       0x2d /home/sahinayk/gcc-arm-none-eabi-10-2020-q4-major/bin/../lib/gcc/arm-none-eabi/10.2.1/../../../../arm-none-eabi/lib/thumb/v7-m/nofp/libc_nano.a(lib_a-nano-freer.o)
 .ARM.attributes
                0x00000000000002a9       0x2d /home/sahinayk/gcc-arm-none-eabi-10-2020-q4-major/bin/../lib/gcc/arm-none-eabi/10.2.1/../../../../arm-none-eabi/lib/thumb/v7-m/nofp/libc_nano.a(lib_a-nano-mallocr.o)
 .ARM.attributes
                0x00000000000002d6       0x2d /home/sahinayk/gcc-arm-none-eabi-10-2020-q4-major/bin/../lib/gcc/arm-none-eabi/10.2.1/../../../../arm-none-eabi/lib/thumb/v7-m/nofp/libc_nano.a(lib_a-puts.o)
 .ARM.attributes
                0x0000000000000303       0x2d /home/sahinayk/gcc-arm-none-eabi-10-2020-q4-major/bin/../lib/gcc/arm-none-eabi/10.2.1/../../../../arm-none-eabi/lib/thumb/v7-m/nofp/libc_nano.a(lib_a-sbrkr.o)
 .ARM.attributes
                0x0000000000000330       0x2d /home/sahinayk/gcc-arm-none-eabi-10-2020-q4-major/bin/../lib/gcc/arm-none-eabi/10.2.1/../../../../arm-none-eabi/lib/thumb/v7-m/nofp/libc_nano.a(lib_a-vprintf.o)
 .ARM.attributes
                0x000000000000035d       0x2d /home/sahinayk/gcc-arm-none-eabi-10-2020-q4-major/bin/../lib/gcc/arm-none-eabi/10.2.1/../../../../arm-none-eabi/lib/thumb/v7-m/nofp/libc_nano.a(lib_a-wbuf.o)
 .ARM.attributes
                0x000000000000038a       0x2d /home/sahinayk/gcc-arm-none-eabi-10-2020-q4-major/bin/../lib/gcc/arm-none-eabi/10.2.1/../../../../arm-none-eabi/lib/thumb/v7-m/nofp/libc_nano.a(lib_a-wsetup.o)
 .ARM.attributes
                0x00000000000003b7       0x2d /home/sahinayk/gcc-arm-none-eabi-10-2020-q4-major/bin/../lib/gcc/arm-none-eabi/10.2.1/../../../../arm-none-eabi/lib/thumb/v7-m/nofp/libc_nano.a(lib_a-fflush.o)
 .ARM.attributes
                0x00000000000003e4       0x2d /home/sahinayk/gcc-arm-none-eabi-10-2020-q4-major/bin/../lib/gcc/arm-none-eabi/10.2.1/../../../../arm-none-eabi/lib/thumb/v7-m/nofp/libc_nano.a(lib_a-findfp.o)
 .ARM.attributes
                0x0000000000000411       0x2d /home/sahinayk/gcc-arm-none-eabi-10-2020-q4-major/bin/../lib/gcc/arm-none-eabi/10.2.1/../../../../arm-none-eabi/lib/thumb/v7-m/nofp/libc_nano.a(lib_a-fwalk.o)
 .ARM.attributes
                0x000000000000043e       0x2d /home/sahinayk/gcc-arm-none-eabi-10-2020-q4-major/bin/../lib/gcc/arm-none-eabi/10.2.1/../../../../arm-none-eabi/lib/thumb/v7-m/nofp/libc_nano.a(lib_a-impure.o)
 .ARM.attributes
                0x000000000000046b       0x2d /home/sahinayk/gcc-arm-none-eabi-10-2020-q4-major/bin/../lib/gcc/arm-none-eabi/10.2.1/../../../../arm-none-eabi/lib/thumb/v7-m/nofp/libc_nano.a(lib_a-lock.o)
 .ARM.attributes
                0x0000000000000498       0x2d /home/sahinayk/gcc-arm-none-eabi-10-2020-q4-major/bin/../lib/gcc/arm-none-eabi/10.2.1/../../../../arm-none-eabi/lib/thumb/v7-m/nofp/libc_nano.a(lib_a-makebuf.o)
 .ARM.attributes
                0x00000000000004c5       0x2d /home/sahinayk/gcc-arm-none-eabi-10-2020-q4-major/bin/../lib/gcc/arm-none-eabi/10.2.1/../../../../arm-none-eabi/lib/thumb/v7-m/nofp/libc_nano.a(lib_a-mlock.o)
 .ARM.attributes
                0x00000000000004f2       0x2d /home/sahinayk/gcc-arm-none-eabi-10-2020-q4-major/bin/../lib/gcc/arm-none-eabi/10.2.1/../../../../arm-none-eabi/lib/thumb/v7-m/nofp/libc_nano.a(lib_a-nano-vfprintf.o)
 .ARM.attributes
                0x000000000000051f       0x2d /home/sahinayk/gcc-arm-none-eabi-10-2020-q4-major/bin/../lib/gcc/arm-none-eabi/10.2.1/../../../../arm-none-eabi/lib/thumb/v7-m/nofp/libc_nano.a(lib_a-nano-vfprintf_i.o)
 .ARM.attributes
                0x000000000000054c       0x2d /home/sahinayk/gcc-arm-none-eabi-10-2020-q4-major/bin/../lib/gcc/arm-none-eabi/10.2.1/../../../../arm-none-eabi/lib/thumb/v7-m/nofp/libc_nano.a(lib_a-reent.o)
 .ARM.attributes
                0x0000000000000579       0x2d /home/sahinayk/gcc-arm-none-eabi-10-2020-q4-major/bin/../lib/gcc/arm-none-eabi/10.2.1/../../../../arm-none-eabi/lib/thumb/v7-m/nofp/libc_nano.a(lib_a-stdio.o)
 .ARM.attributes
                0x00000000000005a6       0x2d /home/sahinayk/gcc-arm-none-eabi-10-2020-q4-major/bin/../lib/gcc/arm-none-eabi/10.2.1/../../../../arm-none-eabi/lib/thumb/v7-m/nofp/libc_nano.a(lib_a-writer.o)
 .ARM.attributes
                0x00000000000005d3       0x2d /home/sahinayk/gcc-arm-none-eabi-10-2020-q4-major/bin/../lib/gcc/arm-none-eabi/10.2.1/../../../../arm-none-eabi/lib/thumb/v7-m/nofp/libc_nano.a(lib_a-closer.o)
 .ARM.attributes
                0x0000000000000600       0x2d /home/sahinayk/gcc-arm-none-eabi-10-2020-q4-major/bin/../lib/gcc/arm-none-eabi/10.2.1/../../../../arm-none-eabi/lib/thumb/v7-m/nofp/libc_nano.a(lib_a-fstatr.o)
 .ARM.attributes
                0x000000000000062d       0x2d /home/sahinayk/gcc-arm-none-eabi-10-2020-q4-major/bin/../lib/gcc/arm-none-eabi/10.2.1/../../../../arm-none-eabi/lib/thumb/v7-m/nofp/libc_nano.a(lib_a-fvwrite.o)
 .ARM.attributes
                0x000000000000065a       0x2d /home/sahinayk/gcc-arm-none-eabi-10-2020-q4-major/bin/../lib/gcc/arm-none-eabi/10.2.1/../../../../arm-none-eabi/lib/thumb/v7-m/nofp/libc_nano.a(lib_a-isattyr.o)
 .ARM.attributes
                0x0000000000000687       0x2d /home/sahinayk/gcc-arm-none-eabi-10-2020-q4-major/bin/../lib/gcc/arm-none-eabi/10.2.1/../../../../arm-none-eabi/lib/thumb/v7-m/nofp/libc_nano.a(lib_a-lseekr.o)
 .ARM.attributes
                0x00000000000006b4       0x2d /home/sahinayk/gcc-arm-none-eabi-10-2020-q4-major/bin/../lib/gcc/arm-none-eabi/10.2.1/../../../../arm-none-eabi/lib/thumb/v7-m/nofp/libc_nano.a(lib_a-memchr-stub.o)
 .ARM.attributes
                0x00000000000006e1       0x2d /home/sahinayk/gcc-arm-none-eabi-10-2020-q4-major/bin/../lib/gcc/arm-none-eabi/10.2.1/../../../../arm-none-eabi/lib/thumb/v7-m/nofp/libc_nano.a(lib_a-memmove.o)
 .ARM.attributes
                0x000000000000070e       0x2d /home/sahinayk/gcc-arm-none-eabi-10-2020-q4-major/bin/../lib/gcc/arm-none-eabi/10.2.1/../../../../arm-none-eabi/lib/thumb/v7-m/nofp/libc_nano.a(lib_a-nano-reallocr.o)
 .ARM.attributes
                0x000000000000073b       0x2d /home/sahinayk/gcc-arm-none-eabi-10-2020-q4-major/bin/../lib/gcc/arm-none-eabi/10.2.1/../../../../arm-none-eabi/lib/thumb/v7-m/nofp/libc_nano.a(lib_a-readr.o)
 .ARM.attributes
                0x0000000000000768       0x2d /home/sahinayk/gcc-arm-none-eabi-10-2020-q4-major/bin/../lib/gcc/arm-none-eabi/10.2.1/../../../../arm-none-eabi/lib/thumb/v7-m/nofp/libc_nano.a(lib_a-nano-msizer.o)
 .ARM.attributes
                0x0000000000000795       0x2d /home/sahinayk/gcc-arm-none-eabi-10-2020-q4-major/bin/../lib/gcc/arm-none-eabi/10.2.1/../../../../arm-none-eabi/lib/thumb/v7-m/nofp/librdimon_nano.a(rdimon-syscalls.o)
 .ARM.attributes
                0x00000000000007c2       0x2d /home/sahinayk/gcc-arm-none-eabi-10-2020-q4-major/bin/../lib/gcc/arm-none-eabi/10.2.1/../../../../arm-none-eabi/lib/thumb/v7-m/nofp/libc_nano.a(lib_a-errno.o)
 .ARM.attributes
                0x00000000000007ef       0x17 /home/sahinayk/gcc-arm-none-eabi-10-2020-q4-major/bin/../lib/gcc/arm-none-eabi/10.2.1/../../../../arm-none-eabi/lib/thumb/v7-m/nofp/libc_nano.a(lib_a-strlen.o)

.debug_frame    0x0000000000000000      0xcd8
 .debug_frame   0x0000000000000000       0x30 /home/sahinayk/gcc-arm-none-eabi-10-2020-q4-major/bin/../lib/gcc/arm-none-eabi/10.2.1/../../../../arm-none-eabi/lib/thumb/v7-m/nofp/libc_nano.a(lib_a-malloc.o)
 .debug_frame   0x0000000000000030       0x28 /home/sahinayk/gcc-arm-none-eabi-10-2020-q4-major/bin/../lib/gcc/arm-none-eabi/10.2.1/../../../../arm-none-eabi/lib/thumb/v7-m/nofp/libc_nano.a(lib_a-memcpy-stub.o)
 .debug_frame   0x0000000000000058       0x20 /home/sahinayk/gcc-arm-none-eabi-10-2020-q4-major/bin/../lib/gcc/arm-none-eabi/10.2.1/../../../../arm-none-eabi/lib/thumb/v7-m/nofp/libc_nano.a(lib_a-memset.o)
 .debug_frame   0x0000000000000078       0x38 /home/sahinayk/gcc-arm-none-eabi-10-2020-q4-major/bin/../lib/gcc/arm-none-eabi/10.2.1/../../../../arm-none-eabi/lib/thumb/v7-m/nofp/libc_nano.a(lib_a-nano-freer.o)
 .debug_frame   0x00000000000000b0       0x30 /home/sahinayk/gcc-arm-none-eabi-10-2020-q4-major/bin/../lib/gcc/arm-none-eabi/10.2.1/../../../../arm-none-eabi/lib/thumb/v7-m/nofp/libc_nano.a(lib_a-nano-mallocr.o)
 .debug_frame   0x00000000000000e0       0x3c /home/sahinayk/gcc-arm-none-eabi-10-2020-q4-major/bin/../lib/gcc/arm-none-eabi/10.2.1/../../../../arm-none-eabi/lib/thumb/v7-m/nofp/libc_nano.a(lib_a-puts.o)
 .debug_frame   0x000000000000011c       0x2c /home/sahinayk/gcc-arm-none-eabi-10-2020-q4-major/bin/../lib/gcc/arm-none-eabi/10.2.1/../../../../arm-none-eabi/lib/thumb/v7-m/nofp/libc_nano.a(lib_a-sbrkr.o)
 .debug_frame   0x0000000000000148       0x58 /home/sahinayk/gcc-arm-none-eabi-10-2020-q4-major/bin/../lib/gcc/arm-none-eabi/10.2.1/../../../../arm-none-eabi/lib/thumb/v7-m/nofp/libc_nano.a(lib_a-vprintf.o)
 .debug_frame   0x00000000000001a0       0x40 /home/sahinayk/gcc-arm-none-eabi-10-2020-q4-major/bin/../lib/gcc/arm-none-eabi/10.2.1/../../../../arm-none-eabi/lib/thumb/v7-m/nofp/libc_nano.a(lib_a-wbuf.o)
 .debug_frame   0x00000000000001e0       0x2c /home/sahinayk/gcc-arm-none-eabi-10-2020-q4-major/bin/../lib/gcc/arm-none-eabi/10.2.1/../../../../arm-none-eabi/lib/thumb/v7-m/nofp/libc_nano.a(lib_a-wsetup.o)
 .debug_frame   0x000000000000020c       0x5c /home/sahinayk/gcc-arm-none-eabi-10-2020-q4-major/bin/../lib/gcc/arm-none-eabi/10.2.1/../../../../arm-none-eabi/lib/thumb/v7-m/nofp/libc_nano.a(lib_a-fflush.o)
 .debug_frame   0x0000000000000268      0x14c /home/sahinayk/gcc-arm-none-eabi-10-2020-q4-major/bin/../lib/gcc/arm-none-eabi/10.2.1/../../../../arm-none-eabi/lib/thumb/v7-m/nofp/libc_nano.a(lib_a-findfp.o)
 .debug_frame   0x00000000000003b4       0x54 /home/sahinayk/gcc-arm-none-eabi-10-2020-q4-major/bin/../lib/gcc/arm-none-eabi/10.2.1/../../../../arm-none-eabi/lib/thumb/v7-m/nofp/libc_nano.a(lib_a-fwalk.o)
 .debug_frame   0x0000000000000408       0xb0 /home/sahinayk/gcc-arm-none-eabi-10-2020-q4-major/bin/../lib/gcc/arm-none-eabi/10.2.1/../../../../arm-none-eabi/lib/thumb/v7-m/nofp/libc_nano.a(lib_a-lock.o)
 .debug_frame   0x00000000000004b8       0x58 /home/sahinayk/gcc-arm-none-eabi-10-2020-q4-major/bin/../lib/gcc/arm-none-eabi/10.2.1/../../../../arm-none-eabi/lib/thumb/v7-m/nofp/libc_nano.a(lib_a-makebuf.o)
 .debug_frame   0x0000000000000510       0x30 /home/sahinayk/gcc-arm-none-eabi-10-2020-q4-major/bin/../lib/gcc/arm-none-eabi/10.2.1/../../../../arm-none-eabi/lib/thumb/v7-m/nofp/libc_nano.a(lib_a-mlock.o)
 .debug_frame   0x0000000000000540       0xac /home/sahinayk/gcc-arm-none-eabi-10-2020-q4-major/bin/../lib/gcc/arm-none-eabi/10.2.1/../../../../arm-none-eabi/lib/thumb/v7-m/nofp/libc_nano.a(lib_a-nano-vfprintf.o)
 .debug_frame   0x00000000000005ec       0x60 /home/sahinayk/gcc-arm-none-eabi-10-2020-q4-major/bin/../lib/gcc/arm-none-eabi/10.2.1/../../../../arm-none-eabi/lib/thumb/v7-m/nofp/libc_nano.a(lib_a-nano-vfprintf_i.o)
 .debug_frame   0x000000000000064c       0x5c /home/sahinayk/gcc-arm-none-eabi-10-2020-q4-major/bin/../lib/gcc/arm-none-eabi/10.2.1/../../../../arm-none-eabi/lib/thumb/v7-m/nofp/libc_nano.a(lib_a-reent.o)
 .debug_frame   0x00000000000006a8       0x88 /home/sahinayk/gcc-arm-none-eabi-10-2020-q4-major/bin/../lib/gcc/arm-none-eabi/10.2.1/../../../../arm-none-eabi/lib/thumb/v7-m/nofp/libc_nano.a(lib_a-stdio.o)
 .debug_frame   0x0000000000000730       0x2c /home/sahinayk/gcc-arm-none-eabi-10-2020-q4-major/bin/../lib/gcc/arm-none-eabi/10.2.1/../../../../arm-none-eabi/lib/thumb/v7-m/nofp/libc_nano.a(lib_a-writer.o)
 .debug_frame   0x000000000000075c       0x2c /home/sahinayk/gcc-arm-none-eabi-10-2020-q4-major/bin/../lib/gcc/arm-none-eabi/10.2.1/../../../../arm-none-eabi/lib/thumb/v7-m/nofp/libc_nano.a(lib_a-closer.o)
 .debug_frame   0x0000000000000788       0x2c /home/sahinayk/gcc-arm-none-eabi-10-2020-q4-major/bin/../lib/gcc/arm-none-eabi/10.2.1/../../../../arm-none-eabi/lib/thumb/v7-m/nofp/libc_nano.a(lib_a-fstatr.o)
 .debug_frame   0x00000000000007b4       0x3c /home/sahinayk/gcc-arm-none-eabi-10-2020-q4-major/bin/../lib/gcc/arm-none-eabi/10.2.1/../../../../arm-none-eabi/lib/thumb/v7-m/nofp/libc_nano.a(lib_a-fvwrite.o)
 .debug_frame   0x00000000000007f0       0x2c /home/sahinayk/gcc-arm-none-eabi-10-2020-q4-major/bin/../lib/gcc/arm-none-eabi/10.2.1/../../../../arm-none-eabi/lib/thumb/v7-m/nofp/libc_nano.a(lib_a-isattyr.o)
 .debug_frame   0x000000000000081c       0x2c /home/sahinayk/gcc-arm-none-eabi-10-2020-q4-major/bin/../lib/gcc/arm-none-eabi/10.2.1/../../../../arm-none-eabi/lib/thumb/v7-m/nofp/libc_nano.a(lib_a-lseekr.o)